Microchip MPLAB XC8 Compiler V1.30 ()

Linker command line:

--edf=C:\Program Files (x86)\Microchip\xc8\v1.30\dat\en_msgs.txt -cs \
  -h+dist/UseXC8/production\PIC_Framework_3_MASTER.X.production.sym \
  --cmf=dist/UseXC8/production\PIC_Framework_3_MASTER.X.production.cmf -z \
  -Q18F46J50 -oC:\Users\Devon\AppData\Local\Temp\s804.6 \
  -Mdist/UseXC8/production/PIC_Framework_3_MASTER.X.production.map -E1 \
  -ver=XC8 -ASTACK=0286h-09ffh -pstack=STACK -ACODE=00h-0FFF7h \
  -ACONST=00h-0FFF7h -ASMALLCONST=0F00h-0FFFhx240,0FF00h-0FFF7h \
  -AMEDIUMCONST=0F00h-0FFF7h -ACOMRAM=01h-05Fh -AABS1=00h-0EBFh \
  -ABIGRAM=01h-0EBFh -ARAM=060h-0FFh,0100h-01FFhx13,0E00h-0EBFh \
  -ABANK0=060h-0FFh -ABANK1=0100h-01FFh -ABANK2=0200h-02FFh \
  -ABANK3=0300h-03FFh -ABANK4=0400h-04FFh -ABANK5=0500h-05FFh \
  -ABANK6=0600h-06FFh -ABANK7=0700h-07FFh -ABANK8=0800h-08FFh \
  -ABANK9=0900h-09FFh -ABANK10=0A00h-0AFFh -ABANK11=0B00h-0BFFh \
  -ABANK12=0C00h-0CFFh -ABANK13=0D00h-0DFFh -ABANK14=0E00h-0EBFh \
  -ASFR=0EC0h-0EFFh,0F00h-0F5Fh,0F60h-0FFFh \
  -preset_vec=00h,intcode=08h,intcodelo=018h,powerup,init,end_init \
  -pramtop=0F00h -psmallconst=SMALLCONST -pmediumconst=MEDIUMCONST \
  -pconst=CONST -AFARRAM=00h-00h -ACONFIG=0FFF8h-0FFFFh -pconfig=CONFIG \
  -pjflash_buffer=0F800h \
  -prdata=COMRAM,nvrram=COMRAM,nvbit=COMRAM,rbss=COMRAM,rbit=COMRAM \
  -pfarbss=FARRAM,fardata=FARRAM,nvFARRAM=FARRAM \
  -pintsave_regs=BIGRAM,bigbss=BIGRAM,bigdata=BIGRAM -pbss=RAM \
  -pidata=CODE,irdata=CODE,ibigdata=CODE,ifardata=CODE \
  C:\Users\Devon\AppData\Local\Temp\s804.obj \
  dist/UseXC8/production\PIC_Framework_3_MASTER.X.production.obj 

Object code version is 3.11

Machine type is 18F46J50

Call graph: (short form)




                Name                               Link     Load   Length Selector   Space Scale
C:\Users\Devon\AppData\Local\Temp\s804.obj
                end_init                             C6       C6        4        C       0
                reset_vec                             0        0        4        0       0
                config                             FFF8     FFF8        8     FFF8       0
dist/UseXC8/production\PIC_Framework_3_MASTER.X.production.obj
                intcodelo                            18       18       AE        C       0
                intcode                               8        8        C        4       0
                text56                             1D04     1D04        6      E7B       0
                text55                             1B36     1B36       36        C       0
                text54                             1CC0     1CC0       12        C       0
                text53                             18D0     18D0       46        C       0
                text52                             1698     1698       6A        C       0
                text51                              DD2      DD2      10E        C       0
                text50                             182C     182C       5E        C       0
                text49                              B98      B98      12C        C       0
                text48                             1B00     1B00       36        C       0
                text47                             176A     176A       64        C       0
                text46                               CA       CA      3C0        C       0
                text45                             1CFE     1CFE        6      E7B       0
                text44                             1CAE     1CAE       12        C       0
                text43                             1C38     1C38       18        C       0
                intcode_body                       12DA     12DA       86        C       0
                text41                             1ACA     1ACA       36        C       0
                text40                             1C9C     1C9C       12        C       0
                text39                             1CD2     1CD2        E        C       0
                text38                             1C1A     1C1A       1E        C       0
                text37                             11B4     11B4       9C        C       0
                text36                             1A1E     1A1E       40        C       0
                text35                              FA0      FA0       C0        C       0
                text34                             1B96     1B96       26        C       0
                text33                              EE0      EE0       C0        C       0
                text32                             1702     1702       68        C       0
                text30                             1360     1360       80        C       0
                text29                             1114     1114       A0        C       0
                text28                             1B6C     1B6C       2A        C       0
                text27                             19DE     19DE       40        C       0
                text26                             1BDC     1BDC       20        C       0
                text25                              CC4      CC4      10E        C       0
                text24                             17CE     17CE       5E        C       0
                text23                              7D0      7D0      15E        C       0
                text22                             199C     199C       42        C       0
                text21                             195A     195A       42        C       0
                text20                             1C50     1C50       16        C       0
                text19                             1A94     1A94       36        C       0
                text18                             1C8A     1C8A       12        C       0
                text17                             188A     188A       46        C       0
                text16                             1916     1916       44        C       0
                text15                             13E0     13E0       7E        C       0
                text14                             1CF6     1CF6        8      E7B       0
                text13                             1BBC     1BBC       20        C       0
                text12                              92E      92E      13E        C       0
                text11                             162E     162E       6A        C       0
                text10                             145E     145E       7A        C       0
                text9                              15C0     15C0       6E        C       0
                text8                              1C78     1C78       12        C       0
                text7                              1BFC     1BFC       1E        C       0
                text6                              1C66     1C66       12        C       0
                text5                               A6C      A6C      12C        C       0
                text4                              1A5E     1A5E       36        C       0
                text3                              1250     1250       8A        C       0
                text2                              154E     154E       72        C       0
                text1                              1060     1060       B4        C       0
                text0                               48A      48A      346        C       0
                cstackCOMRAM                          1        1       2C        1       1
                cstackBANK0                          60       60       53       60       1
                cstackBANK1                         186      186       45      100       1
                bssBANK2                            200      200       86      200       1
                dataBANK1                           1CB      1CB        9      100       1
                bssBANK1                            100      100       86      100       1
                bssBANK0                             B3       B3       1C       60       1
                dataCOMRAM                           2D       2D        C        1       1
                bssCOMRAM                            39       39        4        1       1
                cinit                              14D8     14D8       76        C       0
                nvBANK0                              CF       CF        2       60       1
                nvCOMRAM                             3D       3D        2        1       1
                idataBANK1                         1CEC     1CEC        9        C       0
                idataCOMRAM                        1CE0     1CE0        C        C       0

TOTAL           Name                               Link     Load   Length     Space
        CLASS   STACK          

        CLASS   CODE           
                end_init                             C6       C6        4         0
                intcodelo                            18       18       AE         0
                intcode                               8        8        C         0
                reset_vec                             0        0        4         0
                text56                             1D04     1D04        6         0
                text55                             1B36     1B36       36         0
                text54                             1CC0     1CC0       12         0
                text53                             18D0     18D0       46         0
                text52                             1698     1698       6A         0
                text51                              DD2      DD2      10E         0
                text50                             182C     182C       5E         0
                text49                              B98      B98      12C         0
                text48                             1B00     1B00       36         0
                text47                             176A     176A       64         0
                text46                               CA       CA      3C0         0
                text45                             1CFE     1CFE        6         0
                text44                             1CAE     1CAE       12         0
                text43                             1C38     1C38       18         0
                intcode_body                       12DA     12DA       86         0
                text41                             1ACA     1ACA       36         0
                text40                             1C9C     1C9C       12         0
                text39                             1CD2     1CD2        E         0
                text38                             1C1A     1C1A       1E         0
                text37                             11B4     11B4       9C         0
                text36                             1A1E     1A1E       40         0
                text35                              FA0      FA0       C0         0
                text34                             1B96     1B96       26         0
                text33                              EE0      EE0       C0         0
                text32                             1702     1702       68         0
                text30                             1360     1360       80         0
                text29                             1114     1114       A0         0
                text28                             1B6C     1B6C       2A         0
                text27                             19DE     19DE       40         0
                text26                             1BDC     1BDC       20         0
                text25                              CC4      CC4      10E         0
                text24                             17CE     17CE       5E         0
                text23                              7D0      7D0      15E         0
                text22                             199C     199C       42         0
                text21                             195A     195A       42         0
                text20                             1C50     1C50       16         0
                text19                             1A94     1A94       36         0
                text18                             1C8A     1C8A       12         0
                text17                             188A     188A       46         0
                text16                             1916     1916       44         0
                text15                             13E0     13E0       7E         0
                text14                             1CF6     1CF6        8         0
                text13                             1BBC     1BBC       20         0
                text12                              92E      92E      13E         0
                text11                             162E     162E       6A         0
                text10                             145E     145E       7A         0
                text9                              15C0     15C0       6E         0
                text8                              1C78     1C78       12         0
                text7                              1BFC     1BFC       1E         0
                text6                              1C66     1C66       12         0
                text5                               A6C      A6C      12C         0
                text4                              1A5E     1A5E       36         0
                text3                              1250     1250       8A         0
                text2                              154E     154E       72         0
                text1                              1060     1060       B4         0
                text0                               48A      48A      346         0
                cinit                              14D8     14D8       76         0
                idataBANK1                         1CEC     1CEC        9         0
                idataCOMRAM                        1CE0     1CE0        C         0

        CLASS   CONST          

        CLASS   SMALLCONST     

        CLASS   MEDIUMCONST    

        CLASS   COMRAM         
                cstackCOMRAM                          1        1       2C         1
                dataCOMRAM                           2D       2D        C         1
                bssCOMRAM                            39       39        4         1
                nvCOMRAM                             3D       3D        2         1

        CLASS   ABS1           

        CLASS   BIGRAM         

        CLASS   RAM            

        CLASS   BANK0          
                cstackBANK0                          60       60       53         1
                bssBANK0                             B3       B3       1C         1
                nvBANK0                              CF       CF        2         1

        CLASS   BANK1          
                cstackBANK1                         186      186       45         1
                dataBANK1                           1CB      1CB        9         1
                bssBANK1                            100      100       86         1

        CLASS   BANK2          
                bssBANK2                            200      200       86         1

        CLASS   BANK3          

        CLASS   BANK4          

        CLASS   BANK5          

        CLASS   BANK6          

        CLASS   BANK7          

        CLASS   BANK8          

        CLASS   BANK9          

        CLASS   BANK10         

        CLASS   BANK11         

        CLASS   BANK12         

        CLASS   BANK13         

        CLASS   BANK14         

        CLASS   SFR            

        CLASS   FARRAM         

        CLASS   CONFIG         
                config                             FFF8     FFF8        8         0

        CLASS   IDLOC          



SEGMENTS        Name                           Load    Length   Top    Selector   Space  Class

                reset_vec                      000000  000004  000004         0       0  CODE    
                cstackCOMRAM                   000001  00003E  00003F         1       1  COMRAM  
                intcode                        000008  00000C  000014         4       0  CODE    
                intcodelo                      000018  001CDD  001CF5         C       0  CODE    
                cstackBANK0                    000060  000071  0000D1        60       1  BANK0   
                bssBANK1                       000100  0000D4  0001D4       100       1  BANK1   
                bssBANK2                       000200  000086  000286       200       1  BANK2   
                text14                         001CF6  000014  001D0A       E7B       0  CODE    
                config                         00FFF8  000008  010000      FFF8       0  CONFIG  


UNUSED ADDRESS RANGES

        Name                Unused          Largest block    Delta
        BANK0            000D1-000FF              2F
        BANK1            001D4-001FF              2C
        BANK10           00A00-00AFF             100
        BANK11           00B00-00BFF             100
        BANK12           00C00-00CFF             100
        BANK13           00D00-00DFF             100
        BANK14           00E00-00EBF              C0
        BANK2            00286-002FF              7A
        BANK3            00300-003FF             100
        BANK4            00400-004FF             100
        BANK5            00500-005FF             100
        BANK6            00600-006FF             100
        BANK7            00700-007FF             100
        BANK8            00800-008FF             100
        BANK9            00900-009FF             100
        BIGRAM           0003F-0005F              21
                         000D1-000FF              2F
                         001D4-001FF              2C
                         00286-00EBF             C3A
        CODE             00004-00007               4
                         00014-00017               4
                         01CF5-01CF5               1
                         01D0A-0FFF7            E2EE
        COMRAM           0003F-0005F              21
        CONST            00004-00007               4
                         00014-00017               4
                         01CF5-01CF5               1
                         01D0A-0FFF7            E2EE
        MEDIUMCONST      01CF5-01CF5               1
                         01D0A-0FFF7            E2EE
        RAM              000D1-000FF              2F
                         001D4-001FF              2C
                         00286-00EBF             100
        SFR              00EC0-00FFF              60
        SMALLCONST       01CF5-01CF5               1
                         01D0A-0FFF7             100
        STACK            00286-009FF             77A

                                  Symbol Table

?___awmod                        cstackBANK0   0008D
?___lwmod                        cstackBANK0   0008D
?_in_high_int                    cstackBANK0   0008D
?_in_low_int                     cstackBANK0   0008F
?_in_main                        cstackBANK0   00091
?i1___awmod                      cstackCOMRAM  00001
?i2___awmod                      cstackBANK0   00060
?i2_in_high_int                  cstackBANK0   00060
?i2_in_low_int                   cstackBANK0   00062
Delay1KTCYx@unit                 cstackBANK0   0008D
FromMainHigh_sendmsg@data        cstackBANK0   000A4
FromMainHigh_sendmsg@length      cstackBANK0   000A6
FromMainHigh_sendmsg@msgtype     cstackBANK0   000A3
Open1USART@config                cstackBANK0   00092
Open1USART@spbrg                 cstackBANK0   0008D
OpenADC@config                   cstackBANK0   00093
OpenADC@config2                  cstackBANK0   0008D
OpenADC@config3                  cstackBANK0   0008E
OpenTimer0@config                cstackBANK0   0008D
OpenTimer1@config                cstackBANK0   0008F
OpenTimer1@config1               cstackBANK0   0008D
Read1USART@data                  cstackCOMRAM  00001
SetChanADC@channel               cstackBANK0   0008E
ToMainHigh_recvmsg@data          cstackBANK0   000A7
ToMainHigh_recvmsg@maxlength     cstackBANK0   000A9
ToMainHigh_recvmsg@msgtype       cstackBANK0   000A5
ToMainHigh_sendmsg@data          cstackBANK0   00077
ToMainHigh_sendmsg@length        cstackBANK0   00079
ToMainHigh_sendmsg@msgtype       cstackBANK0   00076
ToMainLow_recvmsg@data           cstackBANK0   000A7
ToMainLow_recvmsg@maxlength      cstackBANK0   000A9
ToMainLow_recvmsg@msgtype        cstackBANK0   000A5
ToMainLow_sendmsg@data           cstackCOMRAM  00018
ToMainLow_sendmsg@length         cstackCOMRAM  0001A
ToMainLow_sendmsg@msgtype        cstackCOMRAM  00017
WriteTimer0@timer                cstackBANK0   00062
WriteTimer0@timer0               cstackBANK0   00060
WriteTimer1@timer                cstackCOMRAM  00003
WriteTimer1@timer1               cstackCOMRAM  00001
_ADCON0                          (abs)         00FC2
_ADCON0bits                      (abs)         00FC2
_ADCON1                          (abs)         00FC1
_ADRESH                          (abs)         00FC4
_ANCON0                          (abs)         00F48
_ANCON1                          (abs)         00F49
_Delay1KTCYx                     text20        01C50
_FromMainHigh_MQ                 bssBANK2      00200
_FromMainHigh_sendmsg            text4         01A5E
_FromMainLow_MQ                  bssBANK2      00243
_INTCON2bits                     (abs)         00FF1
_INTCONbits                      (abs)         00FF2
_IPR1bits                        (abs)         00F9F
_InterruptHandlerHigh            intcode       00008
_InterruptHandlerLow             intcodelo     00018
_LATA                            (abs)         00F89
_LATB                            (abs)         00F8A
_LATBbits                        (abs)         00F8A
_MQ_Main_Willing_to_block        bssCOMRAM     0003B
_OSCCON                          (abs)         00FD3
_OSCCONbits                      (abs)         00FD3
_OSCTUNEbits                     (abs)         00F9B
_Open1USART                      text30        01360
_OpenADC                         text29        01114
_OpenTimer0                      text28        01B6C
_OpenTimer1                      text27        019DE
_PIE1bits                        (abs)         00F9D
_PIR1bits                        (abs)         00F9E
_PORTA                           (abs)         00F80
_PORTAbits                       (abs)         00F80
_PORTBbits                       (abs)         00F81
_RCONbits                        (abs)         00FD0
_RCREG1                          (abs)         00FAF
_RCSTA1                          (abs)         00FAC
_RCSTA1bits                      (abs)         00FAC
_RCSTAbits                       (abs)         00FAC
_Read1USART                      text38        01C1A
_SPBRG1                          (abs)         00FB0
_SPBRGH1                         (abs)         00F7F
_SSPADD                          (abs)         00FC8
_SSPBUF                          (abs)         00FC9
_SSPCON1                         (abs)         00FC6
_SSPCON1bits                     (abs)         00FC6
_SSPCON2                         (abs)         00FC5
_SSPCON2bits                     (abs)         00FC5
_SSPSTAT                         (abs)         00FC7
_SSPSTATbits                     (abs)         00FC7
_SetChanADC                      text26        01BDC
_SleepIfOkay                     text52        01698
_T0CON                           (abs)         00FD5
_T0CONbits                       (abs)         00FD5
_T1CON                           (abs)         00FCD
_T1CONbits                       (abs)         00FCD
_T1GCON                          (abs)         00F9A
_T1GCONbits                      (abs)         00F9A
_TMR0H                           (abs)         00FD7
_TMR0L                           (abs)         00FD6
_TMR1H                           (abs)         00FCF
_TMR1L                           (abs)         00FCE
_TRISA                           (abs)         00F92
_TRISB                           (abs)         00F93
_TRISBbits                       (abs)         00F93
_TRISC                           (abs)         00F94
_TRISCbits                       (abs)         00F94
_TXREG                           (abs)         00FAE
_TXSTA1                          (abs)         00FAD
_TXSTA1bits                      (abs)         00FAD
_TXSTAbits                       (abs)         00FAD
_ToMainHigh_MQ                   bssBANK1      00100
_ToMainHigh_recvmsg              text22        0199C
_ToMainHigh_sendmsg              text48        01B00
_ToMainLow_MQ                    bssBANK1      00143
_ToMainLow_recvmsg               text21        0195A
_ToMainLow_sendmsg               text34        01B96
_UART_timeout                    bssCOMRAM     00039
_USART1_Status                   bssCOMRAM     0003C
_WriteTimer0                     text44        01CAE
_WriteTimer1                     text40        01C9C
__CFG_CP0$OFF                    (abs)         00000
__CFG_CPUDIV$OSC1                (abs)         00000
__CFG_DSBOREN$OFF                (abs)         00000
__CFG_DSWDTEN$OFF                (abs)         00000
__CFG_DSWDTOSC$T1OSCREF          (abs)         00000
__CFG_DSWDTPS$G2                 (abs)         00000
__CFG_FCMEN$OFF                  (abs)         00000
__CFG_IESO$ON                    (abs)         00000
__CFG_IOL1WAY$ON                 (abs)         00000
__CFG_LPT1OSC$OFF                (abs)         00000
__CFG_MSSP7B_EN$MSK7             (abs)         00000
__CFG_OSC$HSPLL                  (abs)         00000
__CFG_PLLDIV$3                   (abs)         00000
__CFG_RTCOSC$T1OSCREF            (abs)         00000
__CFG_STVREN$OFF                 (abs)         00000
__CFG_T1DIG$OFF                  (abs)         00000
__CFG_WDTEN$OFF                  (abs)         00000
__CFG_WDTPS$32768                (abs)         00000
__CFG_WPCFG$OFF                  (abs)         00000
__CFG_WPDIS$OFF                  (abs)         00000
__CFG_WPEND$PAGE_WPFP            (abs)         00000
__CFG_WPFP$PAGE_63               (abs)         00000
__CFG_XINST$OFF                  (abs)         00000
__HRAM                           (abs)         00000
__Habs1                          abs1          00000
__Hbank0                         bank0         00000
__Hbank1                         bank1         00000
__Hbank10                        bank10        00000
__Hbank11                        bank11        00000
__Hbank12                        bank12        00000
__Hbank13                        bank13        00000
__Hbank14                        bank14        00000
__Hbank2                         bank2         00000
__Hbank3                         bank3         00000
__Hbank4                         bank4         00000
__Hbank5                         bank5         00000
__Hbank6                         bank6         00000
__Hbank7                         bank7         00000
__Hbank8                         bank8         00000
__Hbank9                         bank9         00000
__Hbigbss                        bigbss        00000
__Hbigdata                       bigdata       00000
__Hbigram                        bigram        00000
__Hbss                           bss           00000
__HbssBANK0                      bssBANK0      00000
__HbssBANK1                      bssBANK1      00000
__HbssBANK2                      bssBANK2      00000
__HbssCOMRAM                     bssCOMRAM     00000
__Hcinit                         cinit         00000
__Hclrtext                       clrtext       00000
__Hcomram                        comram        00000
__Hconfig                        config        10000
__Hconst                         const         00000
__HcstackBANK0                   cstackBANK0   00000
__HcstackBANK1                   cstackBANK1   00000
__HcstackCOMRAM                  cstackCOMRAM  00000
__Hdata                          data          00000
__HdataBANK1                     dataBANK1     00000
__HdataCOMRAM                    dataCOMRAM    00000
__Hend_init                      end_init      000CA
__Hfarbss                        farbss        00000
__Hfardata                       fardata       00000
__Hibigdata                      ibigdata      00000
__Hidata                         idata         00000
__HidataBANK1                    idataBANK1    00000
__HidataCOMRAM                   idataCOMRAM   00000
__Hidloc                         idloc         00000
__Hifardata                      ifardata      00000
__Hinit                          init          000C6
__Hintcode                       intcode       00014
__Hintcode_body                  intcode_body  00000
__Hintcodelo                     intcodelo     000C6
__Hintentry                      intentry      00000
__Hintret                        intret        00000
__Hintsave_regs                  intsave_regs  00000
__Hirdata                        irdata        00000
__Hjflash_buffer                 jflash_buffer 0F800
__Hmediumconst                   mediumconst   00000
__HnvBANK0                       nvBANK0       00000
__HnvCOMRAM                      nvCOMRAM      00000
__HnvFARRAM                      nvFARRAM      00000
__Hnvbit                         nvbit         00000
__Hnvrram                        nvrram        00000
__Hparam                         param0        00000
__Hparam0                        param0        00000
__Hpowerup                       powerup       000C6
__Hram                           ram           00000
__Hramtop                        ramtop        00F00
__Hrbit                          rbit          00000
__Hrbss                          rbss          00000
__Hrdata                         rdata         00000
__Hreset_vec                     reset_vec     00004
__Hsfr                           sfr           00000
__Hsmallconst                    smallconst    00000
__Hstack                         stack         00000
__Hstruct                        struct        00000
__Htemp                          temp          00000
__Htext                          text          00000
__Htext0                         text0         00000
__Htext1                         text1         00000
__Htext10                        text10        00000
__Htext11                        text11        00000
__Htext12                        text12        00000
__Htext13                        text13        00000
__Htext14                        text14        00000
__Htext15                        text15        00000
__Htext16                        text16        00000
__Htext17                        text17        00000
__Htext18                        text18        00000
__Htext19                        text19        00000
__Htext2                         text2         00000
__Htext20                        text20        00000
__Htext21                        text21        00000
__Htext22                        text22        00000
__Htext23                        text23        00000
__Htext24                        text24        00000
__Htext25                        text25        00000
__Htext26                        text26        00000
__Htext27                        text27        00000
__Htext28                        text28        00000
__Htext29                        text29        00000
__Htext3                         text3         00000
__Htext30                        text30        00000
__Htext32                        text32        00000
__Htext33                        text33        00000
__Htext34                        text34        00000
__Htext35                        text35        00000
__Htext36                        text36        00000
__Htext37                        text37        00000
__Htext38                        text38        00000
__Htext39                        text39        00000
__Htext4                         text4         00000
__Htext40                        text40        00000
__Htext41                        text41        00000
__Htext43                        text43        00000
__Htext44                        text44        00000
__Htext45                        text45        00000
__Htext46                        text46        00000
__Htext47                        text47        00000
__Htext48                        text48        00000
__Htext49                        text49        00000
__Htext5                         text5         00000
__Htext50                        text50        00000
__Htext51                        text51        00000
__Htext52                        text52        00000
__Htext53                        text53        00000
__Htext54                        text54        00000
__Htext55                        text55        00000
__Htext56                        text56        00000
__Htext6                         text6         00000
__Htext7                         text7         00000
__Htext8                         text8         00000
__Htext9                         text9         00000
__LRAM                           (abs)         00001
__Labs1                          abs1          00000
__Lbank0                         bank0         00000
__Lbank1                         bank1         00000
__Lbank10                        bank10        00000
__Lbank11                        bank11        00000
__Lbank12                        bank12        00000
__Lbank13                        bank13        00000
__Lbank14                        bank14        00000
__Lbank2                         bank2         00000
__Lbank3                         bank3         00000
__Lbank4                         bank4         00000
__Lbank5                         bank5         00000
__Lbank6                         bank6         00000
__Lbank7                         bank7         00000
__Lbank8                         bank8         00000
__Lbank9                         bank9         00000
__Lbigbss                        bigbss        00000
__Lbigdata                       bigdata       00000
__Lbigram                        bigram        00000
__Lbss                           bss           00000
__LbssBANK0                      bssBANK0      00000
__LbssBANK1                      bssBANK1      00000
__LbssBANK2                      bssBANK2      00000
__LbssCOMRAM                     bssCOMRAM     00000
__Lcinit                         cinit         00000
__Lclrtext                       clrtext       00000
__Lcomram                        comram        00000
__Lconfig                        config        0FFF8
__Lconst                         const         00000
__LcstackBANK0                   cstackBANK0   00000
__LcstackBANK1                   cstackBANK1   00000
__LcstackCOMRAM                  cstackCOMRAM  00000
__Ldata                          data          00000
__LdataBANK1                     dataBANK1     00000
__LdataCOMRAM                    dataCOMRAM    00000
__Lend_init                      end_init      000C6
__Lfarbss                        farbss        00000
__Lfardata                       fardata       00000
__Libigdata                      ibigdata      00000
__Lidata                         idata         00000
__LidataBANK1                    idataBANK1    00000
__LidataCOMRAM                   idataCOMRAM   00000
__Lidloc                         idloc         00000
__Lifardata                      ifardata      00000
__Linit                          init          000C6
__Lintcode                       intcode       00008
__Lintcode_body                  intcode_body  00000
__Lintcodelo                     intcodelo     00018
__Lintentry                      intentry      00000
__Lintret                        intret        00000
__Lintsave_regs                  intsave_regs  00000
__Lirdata                        irdata        00000
__Ljflash_buffer                 jflash_buffer 0F800
__Lmediumconst                   mediumconst   00000
__LnvBANK0                       nvBANK0       00000
__LnvCOMRAM                      nvCOMRAM      00000
__LnvFARRAM                      nvFARRAM      00000
__Lnvbit                         nvbit         00000
__Lnvrram                        nvrram        00000
__Lparam                         param0        00000
__Lparam0                        param0        00000
__Lpowerup                       powerup       000C6
__Lram                           ram           00000
__Lramtop                        ramtop        00F00
__Lrbit                          rbit          00000
__Lrbss                          rbss          00000
__Lrdata                         rdata         00000
__Lreset_vec                     reset_vec     00000
__Lsfr                           sfr           00000
__Lsmallconst                    smallconst    00000
__Lstack                         stack         00000
__Lstruct                        struct        00000
__Ltemp                          temp          00000
__Ltext                          text          00000
__Ltext0                         text0         00000
__Ltext1                         text1         00000
__Ltext10                        text10        00000
__Ltext11                        text11        00000
__Ltext12                        text12        00000
__Ltext13                        text13        00000
__Ltext14                        text14        00000
__Ltext15                        text15        00000
__Ltext16                        text16        00000
__Ltext17                        text17        00000
__Ltext18                        text18        00000
__Ltext19                        text19        00000
__Ltext2                         text2         00000
__Ltext20                        text20        00000
__Ltext21                        text21        00000
__Ltext22                        text22        00000
__Ltext23                        text23        00000
__Ltext24                        text24        00000
__Ltext25                        text25        00000
__Ltext26                        text26        00000
__Ltext27                        text27        00000
__Ltext28                        text28        00000
__Ltext29                        text29        00000
__Ltext3                         text3         00000
__Ltext30                        text30        00000
__Ltext32                        text32        00000
__Ltext33                        text33        00000
__Ltext34                        text34        00000
__Ltext35                        text35        00000
__Ltext36                        text36        00000
__Ltext37                        text37        00000
__Ltext38                        text38        00000
__Ltext39                        text39        00000
__Ltext4                         text4         00000
__Ltext40                        text40        00000
__Ltext41                        text41        00000
__Ltext43                        text43        00000
__Ltext44                        text44        00000
__Ltext45                        text45        00000
__Ltext46                        text46        00000
__Ltext47                        text47        00000
__Ltext48                        text48        00000
__Ltext49                        text49        00000
__Ltext5                         text5         00000
__Ltext50                        text50        00000
__Ltext51                        text51        00000
__Ltext52                        text52        00000
__Ltext53                        text53        00000
__Ltext54                        text54        00000
__Ltext55                        text55        00000
__Ltext56                        text56        00000
__Ltext6                         text6         00000
__Ltext7                         text7         00000
__Ltext8                         text8         00000
__Ltext9                         text9         00000
__S0                             (abs)         10000
__S1                             (abs)         00286
__S2                             (abs)         00000
___awmod                         text25        00CC4
___awmod@counter                 cstackBANK0   00092
___awmod@dividend                cstackBANK0   0008D
___awmod@divisor                 cstackBANK0   0008F
___awmod@sign                    cstackBANK0   00093
___inthi_sp                      stack         00000
___intlo_sp                      stack         00000
___lwmod                         text3         01250
___lwmod@counter                 cstackBANK0   00092
___lwmod@dividend                cstackBANK0   0008D
___lwmod@divisor                 cstackBANK0   0008F
___sp                            stack         00000
__accesstop                      (abs)         00060
__activetblptr                   (abs)         00002
__end_of_Delay1KTCYx             text20        01C66
__end_of_FromMainHigh_sendmsg    text4         01A94
__end_of_InterruptHandlerHigh    intcode_body  01360
__end_of_InterruptHandlerLow     intcodelo     000C6
__end_of_Open1USART              text30        013E0
__end_of_OpenADC                 text29        011B4
__end_of_OpenTimer0              text28        01B96
__end_of_OpenTimer1              text27        01A1E
__end_of_Read1USART              text38        01C38
__end_of_SetChanADC              text26        01BFC
__end_of_SleepIfOkay             text52        01702
__end_of_ToMainHigh_recvmsg      text22        019DE
__end_of_ToMainHigh_sendmsg      text48        01B36
__end_of_ToMainLow_recvmsg       text21        0199C
__end_of_ToMainLow_sendmsg       text34        01BBC
__end_of_WriteTimer0             text44        01CC0
__end_of_WriteTimer1             text40        01CAE
__end_of___awmod                 text25        00DD2
__end_of___lwmod                 text3         012DA
__end_of__initialization         cinit         01544
__end_of_adc_int_handler         text41        01B00
__end_of_block_on_To_msgqueues   text15        0145E
__end_of_check_msg               text19        01ACA
__end_of_enable_interrupts       text14        01CFE
__end_of_enter_sleep_mode        text56        01D0A
__end_of_i2c_configure_master    text13        01BDC
__end_of_i2c_int_handler         text45        01D04
__end_of_i2c_master_int_handler  text46        0048A
__end_of_i2c_master_recv         text47        017CE
__end_of_i2c_master_send         text12        00A6C
__end_of_in_high_int             text18        01C9C
__end_of_in_low_int              text17        018D0
__end_of_in_main                 text16        0195A
__end_of_init_i2c                text11        01698
__end_of_init_queue              text10        014D8
__end_of_init_queues             text9         0162E
__end_of_init_timer1_lthread     text8         01C8A
__end_of_init_uart_recv          text7         01C1A
__end_of_main                    text0         007D0
__end_of_memcpy                  text24        0182C
__end_of_recv_msg                text23        0092E
__end_of_send_msg                text5         00B98
__end_of_timer0_int_handler      text43        01C50
__end_of_timer0_lthread          text6         01C78
__end_of_timer1_int_handler      text39        01CE0
__end_of_timer1_lthread          text2         015C0
__end_of_uart_recv_int_handler   text33        00FA0
__end_of_uart_trans              text1         01114
__end_of_uart_trans_int_handler  text32        0176A
__end_ofi1___awmod               text37        01250
__end_ofi1_memcpy                text36        01A5E
__end_ofi1_send_msg              text35        01060
__end_ofi2___awmod               text51        00EE0
__end_ofi2_check_msg             text55        01B6C
__end_ofi2_in_high_int           text54        01CD2
__end_ofi2_in_low_int            text53        01916
__end_ofi2_memcpy                text50        0188A
__end_ofi2_send_msg              text49        00CC4
__initialization                 cinit         014D8
__mediumconst                    mediumconst   00000
__pbssBANK0                      bssBANK0      000B3
__pbssBANK1                      bssBANK1      00100
__pbssBANK2                      bssBANK2      00200
__pbssCOMRAM                     bssCOMRAM     00039
__pcinit                         cinit         014D8
__pcstackBANK0                   cstackBANK0   00060
__pcstackBANK1                   cstackBANK1   00186
__pcstackCOMRAM                  cstackCOMRAM  00001
__pdataBANK1                     dataBANK1     001CB
__pdataCOMRAM                    dataCOMRAM    0002D
__pidataBANK1                    idataBANK1    01CEC
__pidataCOMRAM                   idataCOMRAM   01CE0
__pintcode                       intcode       00008
__pintcode_body                  intcode_body  012DA
__pintcodelo                     intcodelo     00018
__pnvBANK0                       nvBANK0       000CF
__pnvCOMRAM                      nvCOMRAM      0003D
__ptext0                         text0         0048A
__ptext1                         text1         01060
__ptext10                        text10        0145E
__ptext11                        text11        0162E
__ptext12                        text12        0092E
__ptext13                        text13        01BBC
__ptext14                        text14        01CF6
__ptext15                        text15        013E0
__ptext16                        text16        01916
__ptext17                        text17        0188A
__ptext18                        text18        01C8A
__ptext19                        text19        01A94
__ptext2                         text2         0154E
__ptext20                        text20        01C50
__ptext21                        text21        0195A
__ptext22                        text22        0199C
__ptext23                        text23        007D0
__ptext24                        text24        017CE
__ptext25                        text25        00CC4
__ptext26                        text26        01BDC
__ptext27                        text27        019DE
__ptext28                        text28        01B6C
__ptext29                        text29        01114
__ptext3                         text3         01250
__ptext30                        text30        01360
__ptext32                        text32        01702
__ptext33                        text33        00EE0
__ptext34                        text34        01B96
__ptext35                        text35        00FA0
__ptext36                        text36        01A1E
__ptext37                        text37        011B4
__ptext38                        text38        01C1A
__ptext39                        text39        01CD2
__ptext4                         text4         01A5E
__ptext40                        text40        01C9C
__ptext41                        text41        01ACA
__ptext43                        text43        01C38
__ptext44                        text44        01CAE
__ptext45                        text45        01CFE
__ptext46                        text46        000CA
__ptext47                        text47        0176A
__ptext48                        text48        01B00
__ptext49                        text49        00B98
__ptext5                         text5         00A6C
__ptext50                        text50        0182C
__ptext51                        text51        00DD2
__ptext52                        text52        01698
__ptext53                        text53        018D0
__ptext54                        text54        01CC0
__ptext55                        text55        01B36
__ptext56                        text56        01D04
__ptext6                         text6         01C66
__ptext7                         text7         01BFC
__ptext8                         text8         01C78
__ptext9                         text9         015C0
__ramtop                         ramtop        00F00
__size_of_Delay1KTCYx            (abs)         00000
__size_of_FromMainHigh_sendmsg   (abs)         00000
__size_of_InterruptHandlerHigh   (abs)         00000
__size_of_InterruptHandlerLow    (abs)         00000
__size_of_Open1USART             (abs)         00000
__size_of_OpenADC                (abs)         00000
__size_of_OpenTimer0             (abs)         00000
__size_of_OpenTimer1             (abs)         00000
__size_of_Read1USART             (abs)         00000
__size_of_SetChanADC             (abs)         00000
__size_of_SleepIfOkay            (abs)         00000
__size_of_ToMainHigh_recvmsg     (abs)         00000
__size_of_ToMainHigh_sendmsg     (abs)         00000
__size_of_ToMainLow_recvmsg      (abs)         00000
__size_of_ToMainLow_sendmsg      (abs)         00000
__size_of_WriteTimer0            (abs)         00000
__size_of_WriteTimer1            (abs)         00000
__size_of___awmod                (abs)         00000
__size_of___lwmod                (abs)         00000
__size_of_adc_int_handler        (abs)         00000
__size_of_block_on_To_msgqueues  (abs)         00000
__size_of_check_msg              (abs)         00000
__size_of_enable_interrupts      (abs)         00000
__size_of_enter_sleep_mode       (abs)         00000
__size_of_i2c_configure_master   (abs)         00000
__size_of_i2c_int_handler        (abs)         00000
__size_of_i2c_master_int_handler (abs)         00000
__size_of_i2c_master_recv        (abs)         00000
__size_of_i2c_master_send        (abs)         00000
__size_of_in_high_int            (abs)         00000
__size_of_in_low_int             (abs)         00000
__size_of_in_main                (abs)         00000
__size_of_init_i2c               (abs)         00000
__size_of_init_queue             (abs)         00000
__size_of_init_queues            (abs)         00000
__size_of_init_timer1_lthread    (abs)         00000
__size_of_init_uart_recv         (abs)         00000
__size_of_main                   (abs)         00000
__size_of_memcpy                 (abs)         00000
__size_of_recv_msg               (abs)         00000
__size_of_send_msg               (abs)         00000
__size_of_timer0_int_handler     (abs)         00000
__size_of_timer0_lthread         (abs)         00000
__size_of_timer1_int_handler     (abs)         00000
__size_of_timer1_lthread         (abs)         00000
__size_of_uart_recv_int_handler  (abs)         00000
__size_of_uart_trans             (abs)         00000
__size_of_uart_trans_int_handler (abs)         00000
__size_ofi1___awmod              (abs)         00000
__size_ofi1_memcpy               (abs)         00000
__size_ofi1_send_msg             (abs)         00000
__size_ofi2___awmod              (abs)         00000
__size_ofi2_check_msg            (abs)         00000
__size_ofi2_in_high_int          (abs)         00000
__size_ofi2_in_low_int           (abs)         00000
__size_ofi2_memcpy               (abs)         00000
__size_ofi2_send_msg             (abs)         00000
__smallconst                     smallconst    00000
_adc_int_handler                 text41        01ACA
_adcbuffer                       bssBANK0      000B3
_block_on_To_msgqueues           text15        013E0
_check_msg                       text19        01A94
_enable_interrupts               text14        01CF6
_enter_sleep_mode                text56        01D04
_i2c_configure_master            text13        01BBC
_i2c_int_handler                 text45        01CFE
_i2c_master_int_handler          text46        000CA
_i2c_master_recv                 text47        0176A
_i2c_master_send                 text12        0092E
_ic_ptr                          nvBANK0       000CF
_in_high_int                     text18        01C8A
_in_low_int                      text17        0188A
_in_main                         text16        01916
_init_i2c                        text11        0162E
_init_queue                      text10        0145E
_init_queues                     text9         015C0
_init_timer1_lthread             text8         01C78
_init_uart_recv                  text7         01BFC
_main                            text0         0048A
_memcpy                          text24        017CE
_recv_msg                        text23        007D0
_send_msg                        text5         00A6C
_timer0_int_handler              text43        01C38
_timer0_lthread                  text6         01C66
_timer1_int_handler              text39        01CD2
_timer1_lthread                  text2         0154E
_uart_recv_int_handler           text33        00EE0
_uart_trans                      text1         01060
_uart_trans_int_handler          text32        01702
_uc_ptr                          nvCOMRAM      0003D
check_msg@qptr                   cstackBANK0   0008D
end_of_initialization            cinit         01544
i1___awmod                       text37        011B4
i1___awmod@counter               cstackCOMRAM  00006
i1___awmod@dividend              cstackCOMRAM  00001
i1___awmod@divisor               cstackCOMRAM  00003
i1___awmod@sign                  cstackCOMRAM  00007
i1_memcpy                        text36        01A1E
i1_send_msg                      text35        00FA0
i1memcpy@d                       cstackCOMRAM  00007
i1memcpy@d1                      cstackCOMRAM  00001
i1memcpy@n                       cstackCOMRAM  00005
i1memcpy@s                       cstackCOMRAM  00009
i1memcpy@s1                      cstackCOMRAM  00003
i1send_msg@data                  cstackCOMRAM  0000F
i1send_msg@length                cstackCOMRAM  0000D
i1send_msg@msgtype               cstackCOMRAM  0000E
i1send_msg@qmsg                  cstackCOMRAM  00015
i1send_msg@qptr                  cstackCOMRAM  0000B
i1send_msg@slot                  cstackCOMRAM  00014
i1send_msg@tlength               cstackCOMRAM  00012
i2___awmod                       text51        00DD2
i2___awmod@counter               cstackBANK0   00065
i2___awmod@dividend              cstackBANK0   00060
i2___awmod@divisor               cstackBANK0   00062
i2___awmod@sign                  cstackBANK0   00066
i2_check_msg                     text55        01B36
i2_in_high_int                   text54        01CC0
i2_in_low_int                    text53        018D0
i2_memcpy                        text50        0182C
i2_send_msg                      text49        00B98
i2c_master_recv@length           cstackBANK0   00060
i2c_master_send@msg              cstackBANK0   0008E
i2c_master_send@recvlength       cstackBANK0   0008D
i2c_master_send@sendlength       cstackBANK0   00093
i2c_master_send@slave_addr       cstackBANK0   00090
i2c_slave_int_handler@F9158      dataCOMRAM    0002D
i2c_slave_int_handler@F9160      dataCOMRAM    00032
i2c_slave_int_handler@F9162      dataCOMRAM    00037
i2check_msg@qptr                 cstackBANK0   00060
i2memcpy@d                       cstackBANK0   00066
i2memcpy@d1                      cstackBANK0   00060
i2memcpy@n                       cstackBANK0   00064
i2memcpy@s                       cstackBANK0   00068
i2memcpy@s1                      cstackBANK0   00062
i2send_msg@data                  cstackBANK0   0006E
i2send_msg@length                cstackBANK0   0006C
i2send_msg@msgtype               cstackBANK0   0006D
i2send_msg@qmsg                  cstackBANK0   00074
i2send_msg@qptr                  cstackBANK0   0006A
i2send_msg@slot                  cstackBANK0   00073
i2send_msg@tlength               cstackBANK0   00071
init_i2c@ic                      cstackBANK0   0008D
init_queue@i                     cstackBANK0   00090
init_queue@qptr                  cstackBANK0   0008D
init_timer1_lthread@tptr         cstackBANK0   0008D
init_uart_recv@uc                cstackBANK0   0008D
int_func                         intcode_body  012DA
intlevel0                        text          00000
intlevel1                        text          00000
intlevel2                        text          00000
intlevel3                        text          00000
main@F9242                       dataBANK1     001D0
main@F9244                       dataBANK1     001D2
main@F9248                       dataBANK1     001CB
main@ic                          cstackBANK1   001AE
main@last_reg_recvd              cstackBANK1   0018D
main@length                      cstackBANK1   001A0
main@motorAck                    cstackBANK1   00186
main@motorcomm                   cstackBANK1   0018E
main@msg                         cstackBANK1   0018B
main@msgbuffer                   cstackBANK1   00190
main@msgtype                     cstackBANK1   0019F
main@t0thread_data               cstackBANK1   0019B
main@t1thread_data               cstackBANK1   0019D
main@uc                          cstackBANK1   001A1
memcpy@d                         cstackBANK0   00093
memcpy@d1                        cstackBANK0   0008D
memcpy@n                         cstackBANK0   00091
memcpy@s                         cstackBANK0   00095
memcpy@s1                        cstackBANK0   0008F
recv_msg@data                    cstackBANK0   0009C
recv_msg@maxlength               cstackBANK0   00099
recv_msg@msgtype                 cstackBANK0   0009A
recv_msg@qmsg                    cstackBANK0   000A3
recv_msg@qptr                    cstackBANK0   00097
recv_msg@slot                    cstackBANK0   000A0
recv_msg@tlength                 cstackBANK0   000A1
send_msg@data                    cstackBANK0   0009B
send_msg@length                  cstackBANK0   00099
send_msg@msgtype                 cstackBANK0   0009A
send_msg@qmsg                    cstackBANK0   000A1
send_msg@qptr                    cstackBANK0   00097
send_msg@slot                    cstackBANK0   000A0
send_msg@tlength                 cstackBANK0   0009E
stackhi                          (abs)         009FF
stacklo                          (abs)         00286
start                            init          000C6
start_initialization             cinit         014D8
timer0_lthread@length            cstackBANK0   00091
timer0_lthread@msgbuffer         cstackBANK0   00093
timer0_lthread@msgtype           cstackBANK0   0008F
timer0_lthread@msgval            cstackBANK0   00095
timer0_lthread@tptr              cstackBANK0   0008D
timer1_lthread@length            cstackBANK0   000AB
timer1_lthread@msgbuffer         cstackBANK0   000AD
timer1_lthread@msgtype           cstackBANK0   000A9
timer1_lthread@retval            cstackBANK0   000B0
timer1_lthread@tptr              cstackBANK0   000A7
uart_trans@data                  cstackBANK0   0008D
uart_trans@length                cstackBANK0   00091


FUNCTION INFORMATION:

 *************** function _main *****************
 Defined at:
		line 186 in file "../src/main.c"
 Parameters:    Size  Location     Type
		None
 Auto vars:     Size  Location     Type
  motorAck        5    0[BANK1 ] unsigned char [5]
  ic             29   40[BANK1 ] struct __i2c_comm
  uc             13   27[BANK1 ] struct __uart_comm
  msgbuffer      11   10[BANK1 ] unsigned char [11]
  t1thread_dat    2   23[BANK1 ] struct __timer1_thread_s
  motorcomm       2    8[BANK1 ] unsigned char [2]
  t0thread_dat    2   21[BANK1 ] struct __timer0_thread_s
  msg             2    5[BANK1 ] unsigned char [2]
  uthread_data    2    0        struct __uart_thread_str
  length          1   26[BANK1 ] char 
  msgtype         1   25[BANK1 ] unsigned char 
  last_reg_rec    1    7[BANK1 ] unsigned char 
  i               1    0        unsigned char 
  c               1    0        unsigned char 
 Return value:  Size  Location     Type
		None               void
 Registers used:
		wreg, fsr0l, fsr0h, fsr1l, fsr1h, fsr1l, fsr1h, fsr2l, fsr2h, status,2, status,0, pclat, btemp, btemp+1, btemp+2, btemp+3, btemp+4, btemp+5, btemp+6, btemp+7, btemp+8, btemp+9, btemp+10, btemp+11, tosl, structret, tblptrl, tblptrh, tblptru, prodl, prodh, bsr, cstack
 Tracked objects:
		On entry : 
		On exit  : 
		Unchanged: 
 Data sizes:     COMRAM   BANK0   BANK1   BANK2   BANK3   BANK4   BANK5   BANK6   BANK7   BANK8   BANK9  BANK10  BANK11  BANK12  BANK13  BANK14
      Params:         0       0       0       0       0       0       0       0       0       0       0       0       0       0       0       0
      Locals:         0       0      69       0       0       0       0       0       0       0       0       0       0       0       0       0
      Temps:          0       2       0       0       0       0       0       0       0       0       0       0       0       0       0       0
      Totals:         0       2      69       0       0       0       0       0       0       0       0       0       0       0       0       0
Total ram usage:       71 bytes
 Hardware stack levels required when called:   15
 This function calls:
		_Open1USART
		_OpenADC
		_OpenTimer0
		_OpenTimer1
		_SetChanADC
		_ToMainHigh_recvmsg
		_ToMainLow_recvmsg
		_block_on_To_msgqueues
		_enable_interrupts
		_i2c_configure_master
		_i2c_master_send
		_init_i2c
		_init_queues
		_init_timer1_lthread
		_init_uart_recv
		_timer0_lthread
		_timer1_lthread
		_uart_trans
 This function is called by:
		Startup code after reset
 This function uses a non-reentrant model


 *************** function _uart_trans *****************
 Defined at:
		line 61 in file "../src/my_uart.c"
 Parameters:    Size  Location     Type
  length          1    wreg     unsigned char 
  data            2   45[BANK0 ] PTR unsigned char 
		 -> i2c_slave_int_handler@motorcomm(2), main@motorAck(5), main@msgbuffer(11), main@motorcomm(2), 
 Auto vars:     Size  Location     Type
  length          1   49[BANK0 ] unsigned char 
 Return value:  Size  Location     Type
		None               void
 Registers used:
		wreg, fsr1l, fsr1h, fsr2l, fsr2h, status,2, status,0, prodl, prodh
 Tracked objects:
		On entry : 
		On exit  : 
		Unchanged: 
 Data sizes:     COMRAM   BANK0   BANK1   BANK2   BANK3   BANK4   BANK5   BANK6   BANK7   BANK8   BANK9  BANK10  BANK11  BANK12  BANK13  BANK14
      Params:         0       2       0       0       0       0       0       0       0       0       0       0       0       0       0       0
      Locals:         0       1       0       0       0       0       0       0       0       0       0       0       0       0       0       0
      Temps:          0       2       0       0       0       0       0       0       0       0       0       0       0       0       0       0
      Totals:         0       5       0       0       0       0       0       0       0       0       0       0       0       0       0       0
Total ram usage:        5 bytes
 Hardware stack levels used:    1
 Hardware stack levels required when called:   11
 This function calls:
		Nothing
 This function is called by:
		_main
		_i2c_slave_int_handler
 This function uses a non-reentrant model


 *************** function _timer1_lthread *****************
 Defined at:
		line 14 in file "../src/timer1_thread.c"
 Parameters:    Size  Location     Type
  tptr            2   71[BANK0 ] PTR struct __timer1_thre
		 -> main@t1thread_data(2), 
  msgtype         2   73[BANK0 ] int 
  length          2   75[BANK0 ] int 
  msgbuffer       2   77[BANK0 ] PTR unsigned char 
		 -> main@msgbuffer(11), 
 Auto vars:     Size  Location     Type
  retval          1   80[BANK0 ] char 
 Return value:  Size  Location     Type
                  2   71[BANK0 ] int 
 Registers used:
		wreg, fsr0l, fsr0h, fsr1l, fsr1h, fsr1l, fsr1h, fsr2l, fsr2h, status,2, status,0, pclat, btemp, btemp+1, btemp+2, btemp+3, btemp+4, btemp+5, btemp+6, btemp+7, btemp+8, btemp+9, btemp+10, btemp+11, tosl, structret, tblptrl, tblptrh, tblptru, prodl, prodh, bsr, cstack
 Tracked objects:
		On entry : 
		On exit  : 
		Unchanged: 
 Data sizes:     COMRAM   BANK0   BANK1   BANK2   BANK3   BANK4   BANK5   BANK6   BANK7   BANK8   BANK9  BANK10  BANK11  BANK12  BANK13  BANK14
      Params:         0       8       0       0       0       0       0       0       0       0       0       0       0       0       0       0
      Locals:         0       1       0       0       0       0       0       0       0       0       0       0       0       0       0       0
      Temps:          0       1       0       0       0       0       0       0       0       0       0       0       0       0       0       0
      Totals:         0      10       0       0       0       0       0       0       0       0       0       0       0       0       0       0
Total ram usage:       10 bytes
 Hardware stack levels used:    1
 Hardware stack levels required when called:   14
 This function calls:
		_FromMainHigh_sendmsg
		___lwmod
 This function is called by:
		_main
 This function uses a non-reentrant model


 *************** function ___lwmod *****************
 Defined at:
		line 8 in file "C:\Program Files (x86)\Microchip\xc8\v1.30\sources\common\lwmod.c"
 Parameters:    Size  Location     Type
  dividend        2   45[BANK0 ] unsigned int 
  divisor         2   47[BANK0 ] unsigned int 
 Auto vars:     Size  Location     Type
  counter         1   50[BANK0 ] unsigned char 
 Return value:  Size  Location     Type
                  2   45[BANK0 ] unsigned int 
 Registers used:
		wreg, status,2, status,0
 Tracked objects:
		On entry : 
		On exit  : 
		Unchanged: 
 Data sizes:     COMRAM   BANK0   BANK1   BANK2   BANK3   BANK4   BANK5   BANK6   BANK7   BANK8   BANK9  BANK10  BANK11  BANK12  BANK13  BANK14
      Params:         0       4       0       0       0       0       0       0       0       0       0       0       0       0       0       0
      Locals:         0       1       0       0       0       0       0       0       0       0       0       0       0       0       0       0
      Temps:          0       1       0       0       0       0       0       0       0       0       0       0       0       0       0       0
      Totals:         0       6       0       0       0       0       0       0       0       0       0       0       0       0       0       0
Total ram usage:        6 bytes
 Hardware stack levels used:    1
 Hardware stack levels required when called:   11
 This function calls:
		Nothing
 This function is called by:
		_timer1_lthread
 This function uses a non-reentrant model


 *************** function _FromMainHigh_sendmsg *****************
 Defined at:
		line 174 in file "../src/messages.c"
 Parameters:    Size  Location     Type
  length          1    wreg     unsigned char 
  msgtype         1   67[BANK0 ] unsigned char 
  data            2   68[BANK0 ] PTR void 
		 -> main@t1thread_data(2), 
 Auto vars:     Size  Location     Type
  length          1   70[BANK0 ] unsigned char 
 Return value:  Size  Location     Type
                  1    wreg      char 
 Registers used:
		wreg, fsr1l, fsr1h, fsr2l, fsr2h, status,2, status,0, prodl, prodh, cstack
 Tracked objects:
		On entry : 
		On exit  : 
		Unchanged: 
 Data sizes:     COMRAM   BANK0   BANK1   BANK2   BANK3   BANK4   BANK5   BANK6   BANK7   BANK8   BANK9  BANK10  BANK11  BANK12  BANK13  BANK14
      Params:         0       3       0       0       0       0       0       0       0       0       0       0       0       0       0       0
      Locals:         0       1       0       0       0       0       0       0       0       0       0       0       0       0       0       0
      Temps:          0       0       0       0       0       0       0       0       0       0       0       0       0       0       0       0
      Totals:         0       4       0       0       0       0       0       0       0       0       0       0       0       0       0       0
Total ram usage:        4 bytes
 Hardware stack levels used:    1
 Hardware stack levels required when called:   13
 This function calls:
		_send_msg
 This function is called by:
		_timer1_lthread
 This function uses a non-reentrant model


 *************** function _send_msg *****************
 Defined at:
		line 24 in file "../src/messages.c"
 Parameters:    Size  Location     Type
  qptr            2   55[BANK0 ] PTR struct __msg_queue
		 -> FromMainHigh_MQ(67), FromMainLow_MQ(67), ToMainHigh_MQ(67), ToMainLow_MQ(67), 
  length          1   57[BANK0 ] unsigned char 
  msgtype         1   58[BANK0 ] unsigned char 
  data            2   59[BANK0 ] PTR void 
		 -> NULL(0), i2c_slave_int_handler@error_buf(3), main@t1thread_data(2), main@ic(29), 
		 -> main@uc(13), 
 Auto vars:     Size  Location     Type
  qmsg            2   65[BANK0 ] PTR struct __msg
		 -> FromMainLow_MQ.queue(65), FromMainHigh_MQ.queue(65), ToMainHigh_MQ.queue(65), ToMainLow_MQ.queue(65), 
		 -> FromMainHigh_MQ(67), FromMainLow_MQ(67), ToMainHigh_MQ(67), ToMainLow_MQ(67), 
  tlength         2   62[BANK0 ] unsigned int 
  slot            1   64[BANK0 ] unsigned char 
 Return value:  Size  Location     Type
                  1    wreg      char 
 Registers used:
		wreg, fsr1l, fsr1h, fsr2l, fsr2h, status,2, status,0, prodl, prodh, cstack
 Tracked objects:
		On entry : 
		On exit  : 
		Unchanged: 
 Data sizes:     COMRAM   BANK0   BANK1   BANK2   BANK3   BANK4   BANK5   BANK6   BANK7   BANK8   BANK9  BANK10  BANK11  BANK12  BANK13  BANK14
      Params:         0       6       0       0       0       0       0       0       0       0       0       0       0       0       0       0
      Locals:         0       5       0       0       0       0       0       0       0       0       0       0       0       0       0       0
      Temps:          0       1       0       0       0       0       0       0       0       0       0       0       0       0       0       0
      Totals:         0      12       0       0       0       0       0       0       0       0       0       0       0       0       0       0
Total ram usage:       12 bytes
 Hardware stack levels used:    1
 Hardware stack levels required when called:   12
 This function calls:
		___awmod
		_memcpy
 This function is called by:
		_FromMainHigh_sendmsg
		_FromMainLow_sendmsg
 This function uses a non-reentrant model


 *************** function _timer0_lthread *****************
 Defined at:
		line 9 in file "../src/timer0_thread.c"
 Parameters:    Size  Location     Type
  tptr            2   45[BANK0 ] PTR struct __timer0_thre
		 -> main@t0thread_data(2), 
  msgtype         2   47[BANK0 ] int 
  length          2   49[BANK0 ] int 
  msgbuffer       2   51[BANK0 ] PTR unsigned char 
		 -> main@msgbuffer(11), 
 Auto vars:     Size  Location     Type
  msgval          2   53[BANK0 ] PTR unsigned int 
		 -> main@msgbuffer(11), 
 Return value:  Size  Location     Type
                  2   45[BANK0 ] int 
 Registers used:
		wreg, status,2, status,0
 Tracked objects:
		On entry : 
		On exit  : 
		Unchanged: 
 Data sizes:     COMRAM   BANK0   BANK1   BANK2   BANK3   BANK4   BANK5   BANK6   BANK7   BANK8   BANK9  BANK10  BANK11  BANK12  BANK13  BANK14
      Params:         0       8       0       0       0       0       0       0       0       0       0       0       0       0       0       0
      Locals:         0       2       0       0       0       0       0       0       0       0       0       0       0       0       0       0
      Temps:          0       0       0       0       0       0       0       0       0       0       0       0       0       0       0       0
      Totals:         0      10       0       0       0       0       0       0       0       0       0       0       0       0       0       0
Total ram usage:       10 bytes
 Hardware stack levels used:    1
 Hardware stack levels required when called:   11
 This function calls:
		Nothing
 This function is called by:
		_main
 This function uses a non-reentrant model


 *************** function _init_uart_recv *****************
 Defined at:
		line 54 in file "../src/my_uart.c"
 Parameters:    Size  Location     Type
  uc              2   45[BANK0 ] PTR struct __uart_comm
		 -> main@uc(13), 
 Auto vars:     Size  Location     Type
		None
 Return value:  Size  Location     Type
		None               void
 Registers used:
		wreg, fsr2l, fsr2h, status,2, status,0
 Tracked objects:
		On entry : 
		On exit  : 
		Unchanged: 
 Data sizes:     COMRAM   BANK0   BANK1   BANK2   BANK3   BANK4   BANK5   BANK6   BANK7   BANK8   BANK9  BANK10  BANK11  BANK12  BANK13  BANK14
      Params:         0       2       0       0       0       0       0       0       0       0       0       0       0       0       0       0
      Locals:         0       0       0       0       0       0       0       0       0       0       0       0       0       0       0       0
      Temps:          0       0       0       0       0       0       0       0       0       0       0       0       0       0       0       0
      Totals:         0       2       0       0       0       0       0       0       0       0       0       0       0       0       0       0
Total ram usage:        2 bytes
 Hardware stack levels used:    1
 Hardware stack levels required when called:   11
 This function calls:
		Nothing
 This function is called by:
		_main
 This function uses a non-reentrant model


 *************** function _init_timer1_lthread *****************
 Defined at:
		line 6 in file "../src/timer1_thread.c"
 Parameters:    Size  Location     Type
  tptr            2   45[BANK0 ] PTR struct __timer1_thre
		 -> main@t1thread_data(2), 
 Auto vars:     Size  Location     Type
		None
 Return value:  Size  Location     Type
		None               void
 Registers used:
		wreg, fsr2l, fsr2h
 Tracked objects:
		On entry : 
		On exit  : 
		Unchanged: 
 Data sizes:     COMRAM   BANK0   BANK1   BANK2   BANK3   BANK4   BANK5   BANK6   BANK7   BANK8   BANK9  BANK10  BANK11  BANK12  BANK13  BANK14
      Params:         0       2       0       0       0       0       0       0       0       0       0       0       0       0       0       0
      Locals:         0       0       0       0       0       0       0       0       0       0       0       0       0       0       0       0
      Temps:          0       0       0       0       0       0       0       0       0       0       0       0       0       0       0       0
      Totals:         0       2       0       0       0       0       0       0       0       0       0       0       0       0       0       0
Total ram usage:        2 bytes
 Hardware stack levels used:    1
 Hardware stack levels required when called:   11
 This function calls:
		Nothing
 This function is called by:
		_main
 This function uses a non-reentrant model


 *************** function _init_queues *****************
 Defined at:
		line 194 in file "../src/messages.c"
 Parameters:    Size  Location     Type
		None
 Auto vars:     Size  Location     Type
		None
 Return value:  Size  Location     Type
		None               void
 Registers used:
		wreg, fsr2l, fsr2h, status,2, status,0, prodl, prodh, cstack
 Tracked objects:
		On entry : 
		On exit  : 
		Unchanged: 
 Data sizes:     COMRAM   BANK0   BANK1   BANK2   BANK3   BANK4   BANK5   BANK6   BANK7   BANK8   BANK9  BANK10  BANK11  BANK12  BANK13  BANK14
      Params:         0       0       0       0       0       0       0       0       0       0       0       0       0       0       0       0
      Locals:         0       0       0       0       0       0       0       0       0       0       0       0       0       0       0       0
      Temps:          0       1       0       0       0       0       0       0       0       0       0       0       0       0       0       0
      Totals:         0       1       0       0       0       0       0       0       0       0       0       0       0       0       0       0
Total ram usage:        1 bytes
 Hardware stack levels used:    1
 Hardware stack levels required when called:   12
 This function calls:
		_init_queue
 This function is called by:
		_main
 This function uses a non-reentrant model


 *************** function _init_queue *****************
 Defined at:
		line 14 in file "../src/messages.c"
 Parameters:    Size  Location     Type
  qptr            2   45[BANK0 ] PTR struct __msg_queue
		 -> FromMainHigh_MQ(67), FromMainLow_MQ(67), ToMainHigh_MQ(67), ToMainLow_MQ(67), 
 Auto vars:     Size  Location     Type
  i               1   48[BANK0 ] unsigned char 
 Return value:  Size  Location     Type
		None               void
 Registers used:
		wreg, fsr2l, fsr2h, status,2, status,0, prodl, prodh
 Tracked objects:
		On entry : 
		On exit  : 
		Unchanged: 
 Data sizes:     COMRAM   BANK0   BANK1   BANK2   BANK3   BANK4   BANK5   BANK6   BANK7   BANK8   BANK9  BANK10  BANK11  BANK12  BANK13  BANK14
      Params:         0       2       0       0       0       0       0       0       0       0       0       0       0       0       0       0
      Locals:         0       1       0       0       0       0       0       0       0       0       0       0       0       0       0       0
      Temps:          0       1       0       0       0       0       0       0       0       0       0       0       0       0       0       0
      Totals:         0       4       0       0       0       0       0       0       0       0       0       0       0       0       0       0
Total ram usage:        4 bytes
 Hardware stack levels used:    1
 Hardware stack levels required when called:   11
 This function calls:
		Nothing
 This function is called by:
		_init_queues
 This function uses a non-reentrant model


 *************** function _init_i2c *****************
 Defined at:
		line 441 in file "../src/my_i2c.c"
 Parameters:    Size  Location     Type
  ic              2   45[BANK0 ] PTR struct __i2c_comm
		 -> main@ic(29), 
 Auto vars:     Size  Location     Type
		None
 Return value:  Size  Location     Type
		None               void
 Registers used:
		wreg, fsr2l, fsr2h, status,2, status,0
 Tracked objects:
		On entry : 
		On exit  : 
		Unchanged: 
 Data sizes:     COMRAM   BANK0   BANK1   BANK2   BANK3   BANK4   BANK5   BANK6   BANK7   BANK8   BANK9  BANK10  BANK11  BANK12  BANK13  BANK14
      Params:         0       2       0       0       0       0       0       0       0       0       0       0       0       0       0       0
      Locals:         0       0       0       0       0       0       0       0       0       0       0       0       0       0       0       0
      Temps:          0       0       0       0       0       0       0       0       0       0       0       0       0       0       0       0
      Totals:         0       2       0       0       0       0       0       0       0       0       0       0       0       0       0       0
Total ram usage:        2 bytes
 Hardware stack levels used:    1
 Hardware stack levels required when called:   11
 This function calls:
		Nothing
 This function is called by:
		_main
 This function uses a non-reentrant model


 *************** function _i2c_master_send *****************
 Defined at:
		line 44 in file "../src/my_i2c.c"
 Parameters:    Size  Location     Type
  sendlength      1    wreg     unsigned char 
  recvlength      1   45[BANK0 ] unsigned char 
  msg             2   46[BANK0 ] PTR unsigned char 
		 -> main@msgbuffer(11), 
  slave_addr      1   48[BANK0 ] unsigned char 
 Auto vars:     Size  Location     Type
  sendlength      1   51[BANK0 ] unsigned char 
 Return value:  Size  Location     Type
                  1    wreg      unsigned char 
 Registers used:
		wreg, fsr1l, fsr1h, fsr2l, fsr2h, status,2, status,0, prodl, prodh
 Tracked objects:
		On entry : 
		On exit  : 
		Unchanged: 
 Data sizes:     COMRAM   BANK0   BANK1   BANK2   BANK3   BANK4   BANK5   BANK6   BANK7   BANK8   BANK9  BANK10  BANK11  BANK12  BANK13  BANK14
[...]
 Return value:  Size  Location     Type
                  1    wreg      char 
 Registers used:
		wreg, fsr1l, fsr1h, fsr2l, fsr2h, status,2, status,0, prodl, prodh, cstack
 Tracked objects:
		On entry : 
		On exit  : 
		Unchanged: 
 Data sizes:     COMRAM   BANK0   BANK1   BANK2   BANK3   BANK4   BANK5   BANK6   BANK7   BANK8   BANK9  BANK10  BANK11  BANK12  BANK13  BANK14
      Params:         0       3       0       0       0       0       0       0       0       0       0       0       0       0       0       0
      Locals:         0       1       0       0       0       0       0       0       0       0       0       0       0       0       0       0
      Temps:          0       0       0       0       0       0       0       0       0       0       0       0       0       0       0       0
      Totals:         0       4       0       0       0       0       0       0       0       0       0       0       0       0       0       0
Total ram usage:        4 bytes
 Hardware stack levels used:    1
 Hardware stack levels required when called:    2
 This function calls:
		i2_send_msg
 This function is called by:
		_i2c_master_int_handler
		_i2c_slave_int_handler
 This function uses a non-reentrant model


 *************** function i2_send_msg *****************
 Defined at:
		line 24 in file "../src/messages.c"
 Parameters:    Size  Location     Type
  qptr            2   10[BANK0 ] PTR struct __msg_queue
		 -> FromMainHigh_MQ(67), FromMainLow_MQ(67), ToMainHigh_MQ(67), ToMainLow_MQ(67), 
  length          1   12[BANK0 ] unsigned char 
  msgtype         1   13[BANK0 ] unsigned char 
  data            2   14[BANK0 ] PTR void 
		 -> NULL(0), i2c_slave_int_handler@error_buf(3), main@t1thread_data(2), main@ic(29), 
		 -> main@uc(13), 
 Auto vars:     Size  Location     Type
  send_msg        2   20[BANK0 ] PTR struct __msg
		 -> FromMainLow_MQ.queue(65), FromMainHigh_MQ.queue(65), ToMainHigh_MQ.queue(65), ToMainLow_MQ.queue(65), 
		 -> FromMainHigh_MQ(67), FromMainLow_MQ(67), ToMainHigh_MQ(67), ToMainLow_MQ(67), 
  send_msg        2   17[BANK0 ] unsigned int 
  send_msg        1   19[BANK0 ] unsigned char 
 Return value:  Size  Location     Type
                  1    wreg      char 
 Registers used:
		wreg, fsr1l, fsr1h, fsr2l, fsr2h, status,2, status,0, prodl, prodh, cstack
 Tracked objects:
		On entry : 
		On exit  : 
		Unchanged: 
 Data sizes:     COMRAM   BANK0   BANK1   BANK2   BANK3   BANK4   BANK5   BANK6   BANK7   BANK8   BANK9  BANK10  BANK11  BANK12  BANK13  BANK14
      Params:         0       6       0       0       0       0       0       0       0       0       0       0       0       0       0       0
      Locals:         0       5       0       0       0       0       0       0       0       0       0       0       0       0       0       0
      Temps:          0       1       0       0       0       0       0       0       0       0       0       0       0       0       0       0
      Totals:         0      12       0       0       0       0       0       0       0       0       0       0       0       0       0       0
Total ram usage:       12 bytes
 Hardware stack levels used:    1
 Hardware stack levels required when called:    1
 This function calls:
		i2___awmod
		i2_memcpy
 This function is called by:
		_ToMainHigh_sendmsg
 This function uses a non-reentrant model


 *************** function i2_memcpy *****************
 Defined at:
		line 11 in file "C:\Program Files (x86)\Microchip\xc8\v1.30\sources\common\memcpy.c"
 Parameters:    Size  Location     Type
  d1              2    0[BANK0 ] PTR void 
		 -> FromMainLow_MQ.queue(65), FromMainHigh_MQ.queue(65), ToMainHigh_MQ.queue(65), ToMainLow_MQ.queue(65), 
		 -> FromMainHigh_MQ(67), FromMainLow_MQ(67), ToMainHigh_MQ(67), ToMainLow_MQ(67), 
		 -> main@msgbuffer(11), 
  s1              2    2[BANK0 ] PTR const void 
		 -> ToMainLow_MQ.data(10), ToMainHigh_MQ.data(10), FromMainLow_MQ.data(10), FromMainHigh_MQ.data(10), 
		 -> ToMainLow_MQ.queue.data(10), ToMainHigh_MQ.queue.data(10), FromMainHigh_MQ.queue.data(10), FromMainLow_MQ.queue.data(10), 
		 -> NULL(0), i2c_slave_int_handler@error_buf(3), FromMainHigh_MQ(67), FromMainLow_MQ(67), 
		 -> ToMainHigh_MQ(67), ToMainLow_MQ(67), main@t1thread_data(2), main@ic(29), 
		 -> main@uc(13), 
  n               2    4[BANK0 ] unsigned int 
 Auto vars:     Size  Location     Type
  memcpy          2    8[BANK0 ] PTR const unsigned char 
		 -> ToMainLow_MQ.data(10), ToMainHigh_MQ.data(10), FromMainLow_MQ.data(10), FromMainHigh_MQ.data(10), 
		 -> ToMainLow_MQ.queue.data(10), ToMainHigh_MQ.queue.data(10), FromMainHigh_MQ.queue.data(10), FromMainLow_MQ.queue.data(10), 
		 -> NULL(0), i2c_slave_int_handler@error_buf(3), FromMainHigh_MQ(67), FromMainLow_MQ(67), 
		 -> ToMainHigh_MQ(67), ToMainLow_MQ(67), main@t1thread_data(2), main@ic(29), 
		 -> main@uc(13), 
  memcpy          2    6[BANK0 ] PTR unsigned char 
		 -> FromMainLow_MQ.queue(65), FromMainHigh_MQ.queue(65), ToMainHigh_MQ.queue(65), ToMainLow_MQ.queue(65), 
		 -> FromMainHigh_MQ(67), FromMainLow_MQ(67), ToMainHigh_MQ(67), ToMainLow_MQ(67), 
		 -> main@msgbuffer(11), 
 Return value:  Size  Location     Type
                  2    0[BANK0 ] PTR void 
 Registers used:
		wreg, fsr1l, fsr1h, fsr2l, fsr2h, status,2, status,0
 Tracked objects:
		On entry : 
		On exit  : 
		Unchanged: 
 Data sizes:     COMRAM   BANK0   BANK1   BANK2   BANK3   BANK4   BANK5   BANK6   BANK7   BANK8   BANK9  BANK10  BANK11  BANK12  BANK13  BANK14
      Params:         0       6       0       0       0       0       0       0       0       0       0       0       0       0       0       0
      Locals:         0       4       0       0       0       0       0       0       0       0       0       0       0       0       0       0
      Temps:          0       0       0       0       0       0       0       0       0       0       0       0       0       0       0       0
      Totals:         0      10       0       0       0       0       0       0       0       0       0       0       0       0       0       0
Total ram usage:       10 bytes
 Hardware stack levels used:    1
 This function calls:
		Nothing
 This function is called by:
		i2_send_msg
 This function uses a non-reentrant model


 *************** function i2___awmod *****************
 Defined at:
		line 8 in file "C:\Program Files (x86)\Microchip\xc8\v1.30\sources\common\awmod.c"
 Parameters:    Size  Location     Type
  dividend        2    0[BANK0 ] int 
  divisor         2    2[BANK0 ] int 
 Auto vars:     Size  Location     Type
  __awmod         1    6[BANK0 ] unsigned char 
  __awmod         1    5[BANK0 ] unsigned char 
 Return value:  Size  Location     Type
                  2    0[BANK0 ] int 
 Registers used:
		wreg, status,2, status,0, prodl
 Tracked objects:
		On entry : 
		On exit  : 
		Unchanged: 
 Data sizes:     COMRAM   BANK0   BANK1   BANK2   BANK3   BANK4   BANK5   BANK6   BANK7   BANK8   BANK9  BANK10  BANK11  BANK12  BANK13  BANK14
      Params:         0       4       0       0       0       0       0       0       0       0       0       0       0       0       0       0
      Locals:         0       2       0       0       0       0       0       0       0       0       0       0       0       0       0       0
      Temps:          0       1       0       0       0       0       0       0       0       0       0       0       0       0       0       0
      Totals:         0       7       0       0       0       0       0       0       0       0       0       0       0       0       0       0
Total ram usage:        7 bytes
 Hardware stack levels used:    1
 This function calls:
		Nothing
 This function is called by:
		i2_send_msg
 This function uses a non-reentrant model


 *************** function _SleepIfOkay *****************
 Defined at:
		line 228 in file "../src/messages.c"
 Parameters:    Size  Location     Type
		None
 Auto vars:     Size  Location     Type
		None
 Return value:  Size  Location     Type
		None               void
 Registers used:
		wreg, fsr2l, fsr2h, status,2, status,0, prodl, prodh, cstack
 Tracked objects:
		On entry : 
		On exit  : 
		Unchanged: 
 Data sizes:     COMRAM   BANK0   BANK1   BANK2   BANK3   BANK4   BANK5   BANK6   BANK7   BANK8   BANK9  BANK10  BANK11  BANK12  BANK13  BANK14
      Params:         0       0       0       0       0       0       0       0       0       0       0       0       0       0       0       0
      Locals:         0       0       0       0       0       0       0       0       0       0       0       0       0       0       0       0
      Temps:          0       0       0       0       0       0       0       0       0       0       0       0       0       0       0       0
      Totals:         0       0       0       0       0       0       0       0       0       0       0       0       0       0       0       0
Total ram usage:        0 bytes
 Hardware stack levels used:    1
 Hardware stack levels required when called:    2
 This function calls:
		_enter_sleep_mode
		i2_check_msg
		i2_in_high_int
		i2_in_low_int
 This function is called by:
		_InterruptHandlerHigh
 This function uses a non-reentrant model


 *************** function i2_in_low_int *****************
 Defined at:
		line 31 in file "../src/interrupts.c"
 Parameters:    Size  Location     Type
		None
 Auto vars:     Size  Location     Type
		None
 Return value:  Size  Location     Type
                  2    2[BANK0 ] int 
 Registers used:
		wreg, status,2, status,0, cstack
 Tracked objects:
		On entry : 
		On exit  : 
		Unchanged: 
 Data sizes:     COMRAM   BANK0   BANK1   BANK2   BANK3   BANK4   BANK5   BANK6   BANK7   BANK8   BANK9  BANK10  BANK11  BANK12  BANK13  BANK14
      Params:         0       2       0       0       0       0       0       0       0       0       0       0       0       0       0       0
      Locals:         0       0       0       0       0       0       0       0       0       0       0       0       0       0       0       0
      Temps:          0       0       0       0       0       0       0       0       0       0       0       0       0       0       0       0
      Totals:         0       2       0       0       0       0       0       0       0       0       0       0       0       0       0       0
Total ram usage:        2 bytes
 Hardware stack levels used:    1
 Hardware stack levels required when called:    1
 This function calls:
		i2_in_high_int
 This function is called by:
		_SleepIfOkay
 This function uses a non-reentrant model


 *************** function i2_in_high_int *****************
 Defined at:
		line 23 in file "../src/interrupts.c"
 Parameters:    Size  Location     Type
		None
 Auto vars:     Size  Location     Type
		None
 Return value:  Size  Location     Type
                  2    0[BANK0 ] int 
 Registers used:
		wreg, status,2
 Tracked objects:
		On entry : 
		On exit  : 
		Unchanged: 
 Data sizes:     COMRAM   BANK0   BANK1   BANK2   BANK3   BANK4   BANK5   BANK6   BANK7   BANK8   BANK9  BANK10  BANK11  BANK12  BANK13  BANK14
      Params:         0       2       0       0       0       0       0       0       0       0       0       0       0       0       0       0
      Locals:         0       0       0       0       0       0       0       0       0       0       0       0       0       0       0       0
      Temps:          0       0       0       0       0       0       0       0       0       0       0       0       0       0       0       0
      Totals:         0       2       0       0       0       0       0       0       0       0       0       0       0       0       0       0
Total ram usage:        2 bytes
 Hardware stack levels used:    1
 This function calls:
		Nothing
 This function is called by:
		_SleepIfOkay
		i2_in_low_int
 This function uses a non-reentrant model


 *************** function i2_check_msg *****************
 Defined at:
		line 222 in file "../src/messages.c"
 Parameters:    Size  Location     Type
  qptr            2    0[BANK0 ] PTR struct __msg_queue
		 -> ToMainHigh_MQ(67), ToMainLow_MQ(67), 
 Auto vars:     Size  Location     Type
		None
 Return value:  Size  Location     Type
                  1    wreg      unsigned char 
 Registers used:
		wreg, fsr2l, fsr2h, status,2, status,0, prodl, prodh
 Tracked objects:
		On entry : 
		On exit  : 
		Unchanged: 
 Data sizes:     COMRAM   BANK0   BANK1   BANK2   BANK3   BANK4   BANK5   BANK6   BANK7   BANK8   BANK9  BANK10  BANK11  BANK12  BANK13  BANK14
      Params:         0       2       0       0       0       0       0       0       0       0       0       0       0       0       0       0
      Locals:         0       0       0       0       0       0       0       0       0       0       0       0       0       0       0       0
      Temps:          0       1       0       0       0       0       0       0       0       0       0       0       0       0       0       0
      Totals:         0       3       0       0       0       0       0       0       0       0       0       0       0       0       0       0
Total ram usage:        3 bytes
 Hardware stack levels used:    1
 This function calls:
		Nothing
 This function is called by:
		_SleepIfOkay
 This function uses a non-reentrant model


 *************** function _enter_sleep_mode *****************
 Defined at:
		line 202 in file "../src/messages.c"
 Parameters:    Size  Location     Type
		None
 Auto vars:     Size  Location     Type
		None
 Return value:  Size  Location     Type
		None               void
 Registers used:
		None
 Tracked objects:
		On entry : 
		On exit  : 
		Unchanged: 
 Data sizes:     COMRAM   BANK0   BANK1   BANK2   BANK3   BANK4   BANK5   BANK6   BANK7   BANK8   BANK9  BANK10  BANK11  BANK12  BANK13  BANK14
      Params:         0       0       0       0       0       0       0       0       0       0       0       0       0       0       0       0
      Locals:         0       0       0       0       0       0       0       0       0       0       0       0       0       0       0       0
      Temps:          0       0       0       0       0       0       0       0       0       0       0       0       0       0       0       0
      Totals:         0       0       0       0       0       0       0       0       0       0       0       0       0       0       0       0
Total ram usage:        0 bytes
 Hardware stack levels used:    1
 This function calls:
		Nothing
 This function is called by:
		_SleepIfOkay
 This function uses a non-reentrant model



MODULE INFORMATION

Module		Function		Class		Link	Load	Size
C:\Program Files (x86)\Microchip\xc8\v1.30\sources\pic18\plib\Timers\t0write.c
		_WriteTimer0   		CODE           	1CAE	0000	18

C:\Program Files (x86)\Microchip\xc8\v1.30\sources\pic18\plib\Timers\t0write.c estimated size: 18

C:\Program Files (x86)\Microchip\xc8\v1.30\sources\pic18\plib\Timers\t1write.c
		_WriteTimer1   		CODE           	1C9C	0000	18

C:\Program Files (x86)\Microchip\xc8\v1.30\sources\pic18\plib\Timers\t1write.c estimated size: 18

C:\Program Files (x86)\Microchip\xc8\v1.30\sources\pic18\plib\USART\u1open.c
		_Open1USART    		CODE           	1360	0000	128

C:\Program Files (x86)\Microchip\xc8\v1.30\sources\pic18\plib\USART\u1open.c estimated size: 128

../src/user_interrupts.c
		_timer0_int_han		CODE           	1C38	0000	24
		_timer1_int_han		CODE           	1CD2	0000	14
		_adc_int_handle		CODE           	1ACA	0000	54

../src/user_interrupts.c estimated size: 92

C:\Program Files (x86)\Microchip\xc8\v1.30\sources\pic18\plib\ADC\adcopen.c
		_OpenADC       		CODE           	1114	0000	160

C:\Program Files (x86)\Microchip\xc8\v1.30\sources\pic18\plib\ADC\adcopen.c estimated size: 160

../src/timer0_thread.c
		_timer0_lthread		CODE           	1C66	0000	18

../src/timer0_thread.c estimated size: 18

shared
		i1_send_msg    		CODE           	0FA0	0000	192
		i2_send_msg    		CODE           	0B98	0000	300
		i2_in_high_int 		CODE           	1CC0	0000	18
		__initializatio		CODE           	14D8	0000	108
		i1___awmod     		CODE           	11B4	0000	156
		i2___awmod     		CODE           	0DD2	0000	270
		i2_in_low_int  		CODE           	18D0	0000	70
		i1_memcpy      		CODE           	1A1E	0000	64
		i2_memcpy      		CODE           	182C	0000	94
		i2_check_msg   		CODE           	1B36	0000	54

shared estimated size: 1326

../src/timer1_thread.c
		_timer1_lthread		CODE           	154E	0000	114
		_init_timer1_lt		CODE           	1C78	0000	18

../src/timer1_thread.c estimated size: 132

../src/my_i2c.c
		_i2c_master_sen		CODE           	092E	0000	318
		_i2c_master_rec		CODE           	176A	0000	100
		_i2c_configure_		CODE           	1BBC	0000	32
		_i2c_master_int		CODE           	00CA	0000	960
		_init_i2c      		CODE           	162E	0000	106
		_i2c_int_handle		CODE           	1CFE	0000	6

../src/my_i2c.c estimated size: 1522

C:\Program Files (x86)\Microchip\xc8\v1.30\sources\pic18\plib\Timers\t0open.c
		_OpenTimer0    		CODE           	1B6C	0000	42

C:\Program Files (x86)\Microchip\xc8\v1.30\sources\pic18\plib\Timers\t0open.c estimated size: 42

C:\Program Files (x86)\Microchip\xc8\v1.30\sources\pic18\plib\Timers\t1open.c
		_OpenTimer1    		CODE           	19DE	0000	64

C:\Program Files (x86)\Microchip\xc8\v1.30\sources\pic18\plib\Timers\t1open.c estimated size: 64

C:\Program Files (x86)\Microchip\xc8\v1.30\sources\pic18\d1ktcyx.c
		_Delay1KTCYx   		CODE           	1C50	0000	22

C:\Program Files (x86)\Microchip\xc8\v1.30\sources\pic18\d1ktcyx.c estimated size: 22

../src/interrupts.c
		_enable_interru		CODE           	1CF6	0000	8
		_in_low_int    		CODE           	188A	0000	70
		_in_main       		CODE           	1916	0000	68
		_in_high_int   		CODE           	1C8A	0000	18
		_InterruptHandl		CODE           	0018	0000	174
		_InterruptHandl		CODE           	0008	0000	4952

../src/interrupts.c estimated size: 5290

C:\Program Files (x86)\Microchip\xc8\v1.30\sources\pic18\plib\USART\u1read.c
		_Read1USART    		CODE           	1C1A	0000	30

C:\Program Files (x86)\Microchip\xc8\v1.30\sources\pic18\plib\USART\u1read.c estimated size: 30

C:\Program Files (x86)\Microchip\xc8\v1.30\sources\common\memcpy.c
		_memcpy        		CODE           	17CE	0000	94

C:\Program Files (x86)\Microchip\xc8\v1.30\sources\common\memcpy.c estimated size: 94

../src/my_uart.c
		_uart_trans_int		CODE           	1702	0000	104
		_init_uart_recv		CODE           	1BFC	0000	30
		_uart_recv_int_		CODE           	0EE0	0000	192
		_uart_trans    		CODE           	1060	0000	180

../src/my_uart.c estimated size: 506

C:\Program Files (x86)\Microchip\xc8\v1.30\sources\pic18\plib\ADC\adcsetch.c
		_SetChanADC    		CODE           	1BDC	0000	32

C:\Program Files (x86)\Microchip\xc8\v1.30\sources\pic18\plib\ADC\adcsetch.c estimated size: 32

../src/messages.c
		_ToMainHigh_sen		CODE           	1B00	0000	54
		_ToMainHigh_rec		CODE           	199C	0000	66
		_block_on_To_ms		CODE           	13E0	0000	126
		_check_msg     		CODE           	1A94	0000	54
		_ToMainLow_send		CODE           	1B96	0000	38
		_ToMainLow_recv		CODE           	195A	0000	66
		_FromMainHigh_s		CODE           	1A5E	0000	54
		_enter_sleep_mo		CODE           	1D04	0000	6
		_send_msg      		CODE           	0A6C	0000	300
		_init_queue    		CODE           	145E	0000	122
		_init_queues   		CODE           	15C0	0000	110
		_recv_msg      		CODE           	07D0	0000	350
		_SleepIfOkay   		CODE           	1698	0000	106

../src/messages.c estimated size: 1452

C:\Program Files (x86)\Microchip\xc8\v1.30\sources\common\awmod.c
		___awmod       		CODE           	0CC4	0000	270

C:\Program Files (x86)\Microchip\xc8\v1.30\sources\common\awmod.c estimated size: 270

C:\Program Files (x86)\Microchip\xc8\v1.30\sources\common\lwmod.c
		___lwmod       		CODE           	1250	0000	138

C:\Program Files (x86)\Microchip\xc8\v1.30\sources\common\lwmod.c estimated size: 138

../src/main.c
		_main          		CODE           	048A	0000	838

../src/main.c estimated size: 838

