Microchip MPLAB XC8 Compiler V1.30 ()

Linker command line:

--edf=C:\Program Files (x86)\Microchip\xc8\v1.30\dat\en_msgs.txt -cs \
  -h+dist/UseXC8/production\PIC_Framework_3_SLAVE.X.production.sym \
  --cmf=dist/UseXC8/production\PIC_Framework_3_SLAVE.X.production.cmf -z \
  -Q18F45J10 -oC:\Users\Devon\AppData\Local\Temp\s98k.6 \
  -Mdist/UseXC8/production/PIC_Framework_3_SLAVE.X.production.map -E1 \
  -ver=XC8 -ASTACK=0286h-03ffh -pstack=STACK -ACODE=00h-07FF7h \
  -ACONST=00h-07FF7h -ASMALLCONST=0400h-04FFhx123,07F00h-07FF7h \
  -AMEDIUMCONST=0400h-07FF7h -ACOMRAM=01h-07Fh -AABS1=00h-03FFh \
  -ABIGRAM=01h-03FFh -ARAM=080h-0FFh,0100h-01FFhx3 -ABANK0=080h-0FFh \
  -ABANK1=0100h-01FFh -ABANK2=0200h-02FFh -ABANK3=0300h-03FFh \
  -ASFR=0F80h-0FFFh \
  -preset_vec=00h,intcode=08h,intcodelo=018h,powerup,init,end_init \
  -pramtop=0400h -psmallconst=SMALLCONST -pmediumconst=MEDIUMCONST \
  -pconst=CONST -AFARRAM=00h-00h -ACONFIG=07FF8h-07FFDh -pconfig=CONFIG \
  -pjflash_buffer=07800h \
  -prdata=COMRAM,nvrram=COMRAM,nvbit=COMRAM,rbss=COMRAM,rbit=COMRAM \
  -pfarbss=FARRAM,fardata=FARRAM,nvFARRAM=FARRAM \
  -pintsave_regs=BIGRAM,bigbss=BIGRAM,bigdata=BIGRAM -pbss=RAM \
  -pidata=CODE,irdata=CODE,ibigdata=CODE,ifardata=CODE \
  C:\Users\Devon\AppData\Local\Temp\s98k.obj \
  dist/UseXC8/production\PIC_Framework_3_SLAVE.X.production.obj 

Object code version is 3.11

Machine type is 18F45J10

Call graph: (short form)




                Name                               Link     Load   Length Selector   Space Scale
C:\Users\Devon\AppData\Local\Temp\s98k.obj
                end_init                             C6       C6        4        C       0
                reset_vec                             0        0        4        0       0
                config                             7FF8     7FF8        6     7FF8       0
dist/UseXC8/production\PIC_Framework_3_SLAVE.X.production.obj
                intcodelo                            18       18       AE        C       0
                intcode                               8        8        C        4       0
                text59                             2304     2304        6        C       0
                text58                             2130     2130       36        C       0
                text57                             22CC     22CC       12        C       0
                text56                             1ECA     1ECA       46        C       0
                text55                             1CF6     1CF6       6A        C       0
                text54                             1204     1204      10E        C       0
                text53                             1E26     1E26       5E        C       0
                text52                              EBC      EBC      12C        C       0
                text51                             20FA     20FA       36        C       0
                text50                             1312     1312       CC        C       0
                text49                             22BA     22BA       12        C       0
                text48                             1612     1612       B4        C       0
                text47                             2018     2018       3E        C       0
                text46                             10F6     10F6      10E        C       0
                text45                               CA       CA      73C        C       0
                text44                             22FE     22FE        6        C       0
                text43                             16C6     16C6       A2        C       0
                intcode_body                       19AA     19AA       86        C       0
                text41                             21DE     21DE       22        C       0
                text40                             22A8     22A8       12        C       0
                text39                             22DE     22DE        E        C       0
                text38                             223E     223E       1E        C       0
                text37                             1768     1768       9C        C       0
                text36                             1FD8     1FD8       40        C       0
                text35                             149E     149E       C0        C       0
                text34                             21B8     21B8       26        C       0
                text33                             13DE     13DE       C0        C       0
                text32                             1D60     1D60       68        C       0
                text30                             1A30     1A30       84        C       0
                text29                             2166     2166       2A        C       0
                text28                             2056     2056       38        C       0
                text27                             1804     1804       92        C       0
                text26                             2200     2200       20        C       0
                text25                              FE8      FE8      10E        C       0
                text24                             1DC8     1DC8       5E        C       0
                text23                              AF4      AF4      15E        C       0
                text22                             1F96     1F96       42        C       0
                text21                             1F54     1F54       42        C       0
                text20                             225C     225C       16        C       0
                text19                             20C4     20C4       36        C       0
                text18                             2296     2296       12        C       0
                text17                             1E84     1E84       46        C       0
                text16                             1F10     1F10       44        C       0
                text15                             1AB4     1AB4       7E        C       0
                text14                             22F6     22F6        8        C       0
                text13                             2190     2190       28        C       0
                text12                              C52      C52      13E        C       0
                text11                             1C8C     1C8C       6A        C       0
                text10                             1B32     1B32       7A        C       0
                text9                              1C1E     1C1E       6E        C       0
                text8                              2284     2284       12        C       0
                text7                              2220     2220       1E        C       0
                text6                              2272     2272       12        C       0
                text5                               D90      D90      12C        C       0
                text4                              208E     208E       36        C       0
                text3                              1920     1920       8A        C       0
                text2                              1BAC     1BAC       72        C       0
                text1                              155E     155E       B4        C       0
                text0                               806      806      2EE        C       0
                cstackCOMRAM                          1        1       2C        1       1
                cstackBANK0                          80       80       3F       80       1
                cstackBANK1                         186      186       64      100       1
                bssBANK2                            200      200       86      200       1
                dataBANK1                           1EA      1EA        2      100       1
                bssBANK1                            100      100       86      100       1
                dataBANK0                            BF       BF        A       80       1
                bssBANK0                             CB       CB        1       80       1
                dataCOMRAM                           52       52        5        1       1
                bssCOMRAM                            2D       2D       25        1       1
                cinit                              1896     1896       8A        C       0
                nvBANK0                              C9       C9        2       80       1
                nvCOMRAM                             57       57        2        1       1
                idataBANK1                         230F     230F        2        C       0
                idataBANK0                         22EC     22EC        A        C       0
                idataCOMRAM                        230A     230A        5        C       0

TOTAL           Name                               Link     Load   Length     Space
        CLASS   STACK          

        CLASS   CODE           
                end_init                             C6       C6        4         0
                intcodelo                            18       18       AE         0
                intcode                               8        8        C         0
                reset_vec                             0        0        4         0
                text59                             2304     2304        6         0
                text58                             2130     2130       36         0
                text57                             22CC     22CC       12         0
                text56                             1ECA     1ECA       46         0
                text55                             1CF6     1CF6       6A         0
                text54                             1204     1204      10E         0
                text53                             1E26     1E26       5E         0
                text52                              EBC      EBC      12C         0
                text51                             20FA     20FA       36         0
                text50                             1312     1312       CC         0
                text49                             22BA     22BA       12         0
                text48                             1612     1612       B4         0
                text47                             2018     2018       3E         0
                text46                             10F6     10F6      10E         0
                text45                               CA       CA      73C         0
                text44                             22FE     22FE        6         0
                text43                             16C6     16C6       A2         0
                intcode_body                       19AA     19AA       86         0
                text41                             21DE     21DE       22         0
                text40                             22A8     22A8       12         0
                text39                             22DE     22DE        E         0
                text38                             223E     223E       1E         0
                text37                             1768     1768       9C         0
                text36                             1FD8     1FD8       40         0
                text35                             149E     149E       C0         0
                text34                             21B8     21B8       26         0
                text33                             13DE     13DE       C0         0
                text32                             1D60     1D60       68         0
                text30                             1A30     1A30       84         0
                text29                             2166     2166       2A         0
                text28                             2056     2056       38         0
                text27                             1804     1804       92         0
                text26                             2200     2200       20         0
                text25                              FE8      FE8      10E         0
                text24                             1DC8     1DC8       5E         0
                text23                              AF4      AF4      15E         0
                text22                             1F96     1F96       42         0
                text21                             1F54     1F54       42         0
                text20                             225C     225C       16         0
                text19                             20C4     20C4       36         0
                text18                             2296     2296       12         0
                text17                             1E84     1E84       46         0
                text16                             1F10     1F10       44         0
                text15                             1AB4     1AB4       7E         0
                text14                             22F6     22F6        8         0
                text13                             2190     2190       28         0
                text12                              C52      C52      13E         0
                text11                             1C8C     1C8C       6A         0
                text10                             1B32     1B32       7A         0
                text9                              1C1E     1C1E       6E         0
                text8                              2284     2284       12         0
                text7                              2220     2220       1E         0
                text6                              2272     2272       12         0
                text5                               D90      D90      12C         0
                text4                              208E     208E       36         0
                text3                              1920     1920       8A         0
                text2                              1BAC     1BAC       72         0
                text1                              155E     155E       B4         0
                text0                               806      806      2EE         0
                cinit                              1896     1896       8A         0
                idataBANK1                         230F     230F        2         0
                idataBANK0                         22EC     22EC        A         0
                idataCOMRAM                        230A     230A        5         0

        CLASS   CONST          

        CLASS   SMALLCONST     

        CLASS   MEDIUMCONST    

        CLASS   COMRAM         
                cstackCOMRAM                          1        1       2C         1
                dataCOMRAM                           52       52        5         1
                bssCOMRAM                            2D       2D       25         1
                nvCOMRAM                             57       57        2         1

        CLASS   ABS1           

        CLASS   BIGRAM         

        CLASS   RAM            

        CLASS   BANK0          
                cstackBANK0                          80       80       3F         1
                dataBANK0                            BF       BF        A         1
                bssBANK0                             CB       CB        1         1
                nvBANK0                              C9       C9        2         1

        CLASS   BANK1          
                cstackBANK1                         186      186       64         1
                dataBANK1                           1EA      1EA        2         1
                bssBANK1                            100      100       86         1

        CLASS   BANK2          
                bssBANK2                            200      200       86         1

        CLASS   BANK3          

        CLASS   SFR            

        CLASS   FARRAM         

        CLASS   CONFIG         
                config                             7FF8     7FF8        6         0

        CLASS   IDLOC          



SEGMENTS        Name                           Load    Length   Top    Selector   Space  Class

                reset_vec                      000000  000004  000004         0       0  CODE    
                cstackCOMRAM                   000001  000058  000059         1       1  COMRAM  
                intcode                        000008  00000C  000014         4       0  CODE    
                intcodelo                      000018  0022F9  002311         C       0  CODE    
                cstackBANK0                    000080  00004C  0000CC        80       1  BANK0   
                bssBANK1                       000100  0000EC  0001EC       100       1  BANK1   
                bssBANK2                       000200  000086  000286       200       1  BANK2   
                config                         007FF8  000006  007FFE      7FF8       0  CONFIG  


UNUSED ADDRESS RANGES

        Name                Unused          Largest block    Delta
        BANK0            000CC-000FF              34
        BANK1            001EC-001FF              14
        BANK2            00286-002FF              7A
        BANK3            00300-003FF             100
        BIGRAM           00059-0007F              27
                         000CC-000FF              34
                         001EC-001FF              14
                         00286-003FF             17A
        CODE             00004-00007               4
                         00014-00017               4
                         02311-07FF7            5CE7
        COMRAM           00059-0007F              27
        CONST            00004-00007               4
                         00014-00017               4
                         02311-07FF7            5CE7
        MEDIUMCONST      02311-07FF7            5CE7
        RAM              000CC-000FF              34
                         001EC-001FF              14
                         00286-003FF              7A
        SFR              00F80-00FFF              80
        SMALLCONST       02311-07FF7             100
        STACK            00286-003FF             17A

                                  Symbol Table

?___awmod                           cstackBANK1   00186
?___lwmod                           cstackBANK1   00186
?_in_high_int                       cstackBANK1   00186
?_in_low_int                        cstackBANK1   00188
?_in_main                           cstackBANK1   0018A
?i1___awmod                         cstackCOMRAM  00001
?i2___awmod                         cstackBANK0   00080
?i2_in_high_int                     cstackBANK0   00080
?i2_in_low_int                      cstackBANK0   00082
Delay1KTCYx@unit                    cstackBANK1   00186
FromMainHigh_sendmsg@data           cstackBANK1   0019D
FromMainHigh_sendmsg@length         cstackBANK1   0019F
FromMainHigh_sendmsg@msgtype        cstackBANK1   0019C
OpenADC@config                      cstackBANK1   0018A
OpenADC@config2                     cstackBANK1   00186
OpenADC@portconfig                  cstackBANK1   00187
OpenTimer0@config                   cstackBANK1   00186
OpenTimer1@config                   cstackBANK1   00186
OpenUSART@config                    cstackBANK1   0018B
OpenUSART@spbrg                     cstackBANK1   00186
ReadUSART@data                      cstackCOMRAM  00001
SetChanADC@channel                  cstackBANK1   00187
ToMainHigh_recvmsg@data             cstackBANK1   001A0
ToMainHigh_recvmsg@maxlength        cstackBANK1   001A2
ToMainHigh_recvmsg@msgtype          cstackBANK1   0019E
ToMainHigh_sendmsg@data             cstackBANK0   00097
ToMainHigh_sendmsg@length           cstackBANK0   00099
ToMainHigh_sendmsg@msgtype          cstackBANK0   00096
ToMainLow_recvmsg@data              cstackBANK1   001A0
ToMainLow_recvmsg@maxlength         cstackBANK1   001A2
ToMainLow_recvmsg@msgtype           cstackBANK1   0019E
ToMainLow_sendmsg@data              cstackCOMRAM  00018
ToMainLow_sendmsg@length            cstackCOMRAM  0001A
ToMainLow_sendmsg@msgtype           cstackCOMRAM  00017
WriteTimer0@timer                   cstackBANK0   00082
WriteTimer0@timer0                  cstackBANK0   00080
WriteTimer1@timer                   cstackCOMRAM  00003
WriteTimer1@timer1                  cstackCOMRAM  00001
_ADCON0                             (abs)         00FC2
_ADCON0bits                         (abs)         00FC2
_ADCON1                             (abs)         00FC1
_ADCON2                             (abs)         00FC0
_ADRESH                             (abs)         00FC4
_Delay1KTCYx                        text20        0225C
_FromMainHigh_MQ                    bssBANK2      00200
_FromMainHigh_sendmsg               text4         0208E
_FromMainLow_MQ                     bssBANK2      00243
_INTCON2bits                        (abs)         00FF1
_INTCONbits                         (abs)         00FF2
_IPR1bits                           (abs)         00F9F
_InterruptHandlerHigh               intcode       00008
_InterruptHandlerLow                intcodelo     00018
_LATA                               (abs)         00F89
_LATB                               (abs)         00F8A
_LATBbits                           (abs)         00F8A
_MQ_Main_Willing_to_block           bssCOMRAM     0004D
_OSCCON                             (abs)         00FD3
_OSCCONbits                         (abs)         00FD3
_OSCTUNEbits                        (abs)         00F9B
_OpenADC                            text30        01A30
_OpenTimer0                         text29        02166
_OpenTimer1                         text28        02056
_OpenUSART                          text27        01804
_PIE1bits                           (abs)         00F9D
_PIR1bits                           (abs)         00F9E
_PORTA                              (abs)         00F80
_PORTAbits                          (abs)         00F80
_RCONbits                           (abs)         00FD0
_RCREG                              (abs)         00FAE
_RCSTA                              (abs)         00FAB
_RCSTAbits                          (abs)         00FAB
_ReadUSART                          text38        0223E
_SPBRG                              (abs)         00FAF
_SPBRGH                             (abs)         00FB0
_SSPADD                             (abs)         00FC8
_SSPBUF                             (abs)         00FC9
_SSPCON1                            (abs)         00FC6
_SSPCON1bits                        (abs)         00FC6
_SSPCON2                            (abs)         00FC5
_SSPCON2bits                        (abs)         00FC5
_SSPSTAT                            (abs)         00FC7
_SSPSTATbits                        (abs)         00FC7
_SetChanADC                         text26        02200
_SleepIfOkay                        text55        01CF6
_T0CON                              (abs)         00FD5
_T0CONbits                          (abs)         00FD5
_T1CON                              (abs)         00FCD
_T1CONbits                          (abs)         00FCD
_TMR0H                              (abs)         00FD7
_TMR0L                              (abs)         00FD6
_TMR1H                              (abs)         00FCF
_TMR1L                              (abs)         00FCE
_TRISA                              (abs)         00F92
_TRISB                              (abs)         00F93
_TRISC                              (abs)         00F94
_TRISCbits                          (abs)         00F94
_TXREG                              (abs)         00FAD
_TXSTA                              (abs)         00FAC
_TXSTAbits                          (abs)         00FAC
_ToMainHigh_MQ                      bssBANK1      00100
_ToMainHigh_recvmsg                 text22        01F96
_ToMainHigh_sendmsg                 text51        020FA
_ToMainLow_MQ                       bssBANK1      00143
_ToMainLow_recvmsg                  text21        01F54
_ToMainLow_sendmsg                  text34        021B8
_UART_timeout                       bssCOMRAM     00049
_USART_Status                       bssCOMRAM     0004E
_WriteTimer0                        text49        022BA
_WriteTimer1                        text40        022A8
__CFG_CCP2MX$DEFAULT                (abs)         00000
__CFG_CP0$OFF                       (abs)         00000
__CFG_FCMEN$ON                      (abs)         00000
__CFG_FOSC$HSPLL                    (abs)         00000
__CFG_FOSC2$ON                      (abs)         00000
__CFG_IESO$ON                       (abs)         00000
__CFG_STVREN$OFF                    (abs)         00000
__CFG_WDTEN$OFF                     (abs)         00000
__CFG_WDTPS$32768                   (abs)         00000
__CFG_XINST$OFF                     (abs)         00000
__HRAM                              (abs)         00000
__Habs1                             abs1          00000
__Hbank0                            bank0         00000
__Hbank1                            bank1         00000
__Hbank2                            bank2         00000
__Hbank3                            bank3         00000
__Hbigbss                           bigbss        00000
__Hbigdata                          bigdata       00000
__Hbigram                           bigram        00000
__Hbss                              bss           00000
__HbssBANK0                         bssBANK0      00000
__HbssBANK1                         bssBANK1      00000
__HbssBANK2                         bssBANK2      00000
__HbssCOMRAM                        bssCOMRAM     00000
__Hcinit                            cinit         00000
__Hclrtext                          clrtext       00000
__Hcomram                           comram        00000
__Hconfig                           config        07FFE
__Hconst                            const         00000
__HcstackBANK0                      cstackBANK0   00000
__HcstackBANK1                      cstackBANK1   00000
__HcstackCOMRAM                     cstackCOMRAM  00000
__Hdata                             data          00000
__HdataBANK0                        dataBANK0     00000
__HdataBANK1                        dataBANK1     00000
__HdataCOMRAM                       dataCOMRAM    00000
__Hend_init                         end_init      000CA
__Hfarbss                           farbss        00000
__Hfardata                          fardata       00000
__Hibigdata                         ibigdata      00000
__Hidata                            idata         00000
__HidataBANK0                       idataBANK0    00000
__HidataBANK1                       idataBANK1    00000
__HidataCOMRAM                      idataCOMRAM   00000
__Hidloc                            idloc         00000
__Hifardata                         ifardata      00000
__Hinit                             init          000C6
__Hintcode                          intcode       00014
__Hintcode_body                     intcode_body  00000
__Hintcodelo                        intcodelo     000C6
__Hintentry                         intentry      00000
__Hintret                           intret        00000
__Hintsave_regs                     intsave_regs  00000
__Hirdata                           irdata        00000
__Hjflash_buffer                    jflash_buffer 07800
__Hmediumconst                      mediumconst   00000
__HnvBANK0                          nvBANK0       00000
__HnvCOMRAM                         nvCOMRAM      00000
__HnvFARRAM                         nvFARRAM      00000
__Hnvbit                            nvbit         00000
__Hnvrram                           nvrram        00000
__Hparam                            param0        00000
__Hparam0                           param0        00000
__Hpowerup                          powerup       000C6
__Hram                              ram           00000
__Hramtop                           ramtop        00400
__Hrbit                             rbit          00000
__Hrbss                             rbss          00000
__Hrdata                            rdata         00000
__Hreset_vec                        reset_vec     00004
__Hsfr                              sfr           00000
__Hsmallconst                       smallconst    00000
__Hstack                            stack         00000
__Hstruct                           struct        00000
__Htemp                             temp          00000
__Htext                             text          00000
__Htext0                            text0         00000
__Htext1                            text1         00000
__Htext10                           text10        00000
__Htext11                           text11        00000
__Htext12                           text12        00000
__Htext13                           text13        00000
__Htext14                           text14        00000
__Htext15                           text15        00000
__Htext16                           text16        00000
__Htext17                           text17        00000
__Htext18                           text18        00000
__Htext19                           text19        00000
__Htext2                            text2         00000
__Htext20                           text20        00000
__Htext21                           text21        00000
__Htext22                           text22        00000
__Htext23                           text23        00000
__Htext24                           text24        00000
__Htext25                           text25        00000
__Htext26                           text26        00000
__Htext27                           text27        00000
__Htext28                           text28        00000
__Htext29                           text29        00000
__Htext3                            text3         00000
__Htext30                           text30        00000
__Htext32                           text32        00000
__Htext33                           text33        00000
__Htext34                           text34        00000
__Htext35                           text35        00000
__Htext36                           text36        00000
__Htext37                           text37        00000
__Htext38                           text38        00000
__Htext39                           text39        00000
__Htext4                            text4         00000
__Htext40                           text40        00000
__Htext41                           text41        00000
__Htext43                           text43        00000
__Htext44                           text44        00000
__Htext45                           text45        00000
__Htext46                           text46        00000
__Htext47                           text47        00000
__Htext48                           text48        00000
__Htext49                           text49        00000
__Htext5                            text5         00000
__Htext50                           text50        00000
__Htext51                           text51        00000
__Htext52                           text52        00000
__Htext53                           text53        00000
__Htext54                           text54        00000
__Htext55                           text55        00000
__Htext56                           text56        00000
__Htext57                           text57        00000
__Htext58                           text58        00000
__Htext59                           text59        00000
__Htext6                            text6         00000
__Htext7                            text7         00000
__Htext8                            text8         00000
__Htext9                            text9         00000
__LRAM                              (abs)         00001
__Labs1                             abs1          00000
__Lbank0                            bank0         00000
__Lbank1                            bank1         00000
__Lbank2                            bank2         00000
__Lbank3                            bank3         00000
__Lbigbss                           bigbss        00000
__Lbigdata                          bigdata       00000
__Lbigram                           bigram        00000
__Lbss                              bss           00000
__LbssBANK0                         bssBANK0      00000
__LbssBANK1                         bssBANK1      00000
__LbssBANK2                         bssBANK2      00000
__LbssCOMRAM                        bssCOMRAM     00000
__Lcinit                            cinit         00000
__Lclrtext                          clrtext       00000
__Lcomram                           comram        00000
__Lconfig                           config        07FF8
__Lconst                            const         00000
__LcstackBANK0                      cstackBANK0   00000
__LcstackBANK1                      cstackBANK1   00000
__LcstackCOMRAM                     cstackCOMRAM  00000
__Ldata                             data          00000
__LdataBANK0                        dataBANK0     00000
__LdataBANK1                        dataBANK1     00000
__LdataCOMRAM                       dataCOMRAM    00000
__Lend_init                         end_init      000C6
__Lfarbss                           farbss        00000
__Lfardata                          fardata       00000
__Libigdata                         ibigdata      00000
__Lidata                            idata         00000
__LidataBANK0                       idataBANK0    00000
__LidataBANK1                       idataBANK1    00000
__LidataCOMRAM                      idataCOMRAM   00000
__Lidloc                            idloc         00000
__Lifardata                         ifardata      00000
__Linit                             init          000C6
__Lintcode                          intcode       00008
__Lintcode_body                     intcode_body  00000
__Lintcodelo                        intcodelo     00018
__Lintentry                         intentry      00000
__Lintret                           intret        00000
__Lintsave_regs                     intsave_regs  00000
__Lirdata                           irdata        00000
__Ljflash_buffer                    jflash_buffer 07800
__Lmediumconst                      mediumconst   00000
__LnvBANK0                          nvBANK0       00000
__LnvCOMRAM                         nvCOMRAM      00000
__LnvFARRAM                         nvFARRAM      00000
__Lnvbit                            nvbit         00000
__Lnvrram                           nvrram        00000
__Lparam                            param0        00000
__Lparam0                           param0        00000
__Lpowerup                          powerup       000C6
__Lram                              ram           00000
__Lramtop                           ramtop        00400
__Lrbit                             rbit          00000
__Lrbss                             rbss          00000
__Lrdata                            rdata         00000
__Lreset_vec                        reset_vec     00000
__Lsfr                              sfr           00000
__Lsmallconst                       smallconst    00000
__Lstack                            stack         00000
__Lstruct                           struct        00000
__Ltemp                             temp          00000
__Ltext                             text          00000
__Ltext0                            text0         00000
__Ltext1                            text1         00000
__Ltext10                           text10        00000
__Ltext11                           text11        00000
__Ltext12                           text12        00000
__Ltext13                           text13        00000
__Ltext14                           text14        00000
__Ltext15                           text15        00000
__Ltext16                           text16        00000
__Ltext17                           text17        00000
__Ltext18                           text18        00000
__Ltext19                           text19        00000
__Ltext2                            text2         00000
__Ltext20                           text20        00000
__Ltext21                           text21        00000
__Ltext22                           text22        00000
__Ltext23                           text23        00000
__Ltext24                           text24        00000
__Ltext25                           text25        00000
__Ltext26                           text26        00000
__Ltext27                           text27        00000
__Ltext28                           text28        00000
__Ltext29                           text29        00000
__Ltext3                            text3         00000
__Ltext30                           text30        00000
__Ltext32                           text32        00000
__Ltext33                           text33        00000
__Ltext34                           text34        00000
__Ltext35                           text35        00000
__Ltext36                           text36        00000
__Ltext37                           text37        00000
__Ltext38                           text38        00000
__Ltext39                           text39        00000
__Ltext4                            text4         00000
__Ltext40                           text40        00000
__Ltext41                           text41        00000
__Ltext43                           text43        00000
__Ltext44                           text44        00000
__Ltext45                           text45        00000
__Ltext46                           text46        00000
__Ltext47                           text47        00000
__Ltext48                           text48        00000
__Ltext49                           text49        00000
__Ltext5                            text5         00000
__Ltext50                           text50        00000
__Ltext51                           text51        00000
__Ltext52                           text52        00000
__Ltext53                           text53        00000
__Ltext54                           text54        00000
__Ltext55                           text55        00000
__Ltext56                           text56        00000
__Ltext57                           text57        00000
__Ltext58                           text58        00000
__Ltext59                           text59        00000
__Ltext6                            text6         00000
__Ltext7                            text7         00000
__Ltext8                            text8         00000
__Ltext9                            text9         00000
__S0                                (abs)         07FFE
__S1                                (abs)         00286
__S2                                (abs)         00000
___awmod                            text25        00FE8
___awmod@counter                    cstackBANK1   0018B
___awmod@dividend                   cstackBANK1   00186
___awmod@divisor                    cstackBANK1   00188
___awmod@sign                       cstackBANK1   0018C
___extmem_base                      (abs)         20000
___inthi_sp                         stack         00000
___intlo_sp                         stack         00000
___lwmod                            text3         01920
___lwmod@counter                    cstackBANK1   0018B
___lwmod@dividend                   cstackBANK1   00186
___lwmod@divisor                    cstackBANK1   00188
___sp                               stack         00000
__accesstop                         (abs)         00080
__activetblptr                      (abs)         00002
__end_of_Delay1KTCYx                text20        02272
__end_of_FromMainHigh_sendmsg       text4         020C4
__end_of_InterruptHandlerHigh       intcode_body  01A30
__end_of_InterruptHandlerLow        intcodelo     000C6
__end_of_OpenADC                    text30        01AB4
__end_of_OpenTimer0                 text29        02190
__end_of_OpenTimer1                 text28        0208E
__end_of_OpenUSART                  text27        01896
__end_of_ReadUSART                  text38        0225C
__end_of_SetChanADC                 text26        02220
__end_of_SleepIfOkay                text55        01D60
__end_of_ToMainHigh_recvmsg         text22        01FD8
__end_of_ToMainHigh_sendmsg         text51        02130
__end_of_ToMainLow_recvmsg          text21        01F96
__end_of_ToMainLow_sendmsg          text34        021DE
__end_of_WriteTimer0                text49        022CC
__end_of_WriteTimer1                text40        022BA
__end_of___awmod                    text25        010F6
__end_of___lwmod                    text3         019AA
__end_of__initialization            cinit         01916
__end_of_adc_int_handler            text41        02200
__end_of_block_on_To_msgqueues      text15        01B32
__end_of_check_msg                  text19        020FA
__end_of_enable_interrupts          text14        022FE
__end_of_enter_sleep_mode           text59        0230A
__end_of_handle_start               text50        013DE
__end_of_i2c_configure_slave        text13        021B8
__end_of_i2c_int_handler            text44        02304
__end_of_i2c_master_send            text12        00D90
__end_of_i2c_slave_int_handler      text45        00806
__end_of_in_high_int                text18        022A8
__end_of_in_low_int                 text17        01ECA
__end_of_in_main                    text16        01F54
__end_of_init_i2c                   text11        01CF6
__end_of_init_queue                 text10        01BAC
__end_of_init_queues                text9         01C8C
__end_of_init_timer1_lthread        text8         02296
__end_of_init_uart_recv             text7         0223E
__end_of_main                       text0         00AF4
__end_of_memcpy                     text24        01E26
__end_of_motorMove                  text47        02056
__end_of_recv_msg                   text23        00C52
__end_of_send_msg                   text5         00EBC
__end_of_start_i2c_slave_reply      text46        01204
__end_of_timer0_int_handler         text43        01768
__end_of_timer0_lthread             text6         02284
__end_of_timer1_int_handler         text39        022EC
__end_of_timer1_lthread             text2         01C1E
__end_of_uart_recv_int_handler      text33        0149E
__end_of_uart_trans                 text1         01612
__end_of_uart_trans_int_handler     text32        01DC8
__end_ofi1___awmod                  text37        01804
__end_ofi1_memcpy                   text36        02018
__end_ofi1_send_msg                 text35        0155E
__end_ofi2___awmod                  text54        01312
__end_ofi2_check_msg                text58        02166
__end_ofi2_in_high_int              text57        022DE
__end_ofi2_in_low_int               text56        01F10
__end_ofi2_memcpy                   text53        01E84
__end_ofi2_send_msg                 text52        00FE8
__end_ofi2_uart_trans               text48        016C6
__initialization                    cinit         01896
__mediumconst                       mediumconst   00000
__pbssBANK0                         bssBANK0      000CB
__pbssBANK1                         bssBANK1      00100
__pbssBANK2                         bssBANK2      00200
__pbssCOMRAM                        bssCOMRAM     0002D
__pcinit                            cinit         01896
__pcstackBANK0                      cstackBANK0   00080
__pcstackBANK1                      cstackBANK1   00186
__pcstackCOMRAM                     cstackCOMRAM  00001
__pdataBANK0                        dataBANK0     000BF
__pdataBANK1                        dataBANK1     001EA
__pdataCOMRAM                       dataCOMRAM    00052
__pidataBANK0                       idataBANK0    022EC
__pidataBANK1                       idataBANK1    0230F
__pidataCOMRAM                      idataCOMRAM   0230A
__pintcode                          intcode       00008
__pintcode_body                     intcode_body  019AA
__pintcodelo                        intcodelo     00018
__pnvBANK0                          nvBANK0       000C9
__pnvCOMRAM                         nvCOMRAM      00057
__ptext0                            text0         00806
__ptext1                            text1         0155E
__ptext10                           text10        01B32
__ptext11                           text11        01C8C
__ptext12                           text12        00C52
__ptext13                           text13        02190
__ptext14                           text14        022F6
__ptext15                           text15        01AB4
__ptext16                           text16        01F10
__ptext17                           text17        01E84
__ptext18                           text18        02296
__ptext19                           text19        020C4
__ptext2                            text2         01BAC
__ptext20                           text20        0225C
__ptext21                           text21        01F54
__ptext22                           text22        01F96
__ptext23                           text23        00AF4
__ptext24                           text24        01DC8
__ptext25                           text25        00FE8
__ptext26                           text26        02200
__ptext27                           text27        01804
__ptext28                           text28        02056
__ptext29                           text29        02166
__ptext3                            text3         01920
__ptext30                           text30        01A30
__ptext32                           text32        01D60
__ptext33                           text33        013DE
__ptext34                           text34        021B8
__ptext35                           text35        0149E
__ptext36                           text36        01FD8
__ptext37                           text37        01768
__ptext38                           text38        0223E
__ptext39                           text39        022DE
__ptext4                            text4         0208E
__ptext40                           text40        022A8
__ptext41                           text41        021DE
__ptext43                           text43        016C6
__ptext44                           text44        022FE
__ptext45                           text45        000CA
__ptext46                           text46        010F6
__ptext47                           text47        02018
__ptext48                           text48        01612
__ptext49                           text49        022BA
__ptext5                            text5         00D90
__ptext50                           text50        01312
__ptext51                           text51        020FA
__ptext52                           text52        00EBC
__ptext53                           text53        01E26
__ptext54                           text54        01204
__ptext55                           text55        01CF6
__ptext56                           text56        01ECA
__ptext57                           text57        022CC
__ptext58                           text58        02130
__ptext59                           text59        02304
__ptext6                            text6         02272
__ptext7                            text7         02220
__ptext8                            text8         02284
__ptext9                            text9         01C1E
__ramtop                            ramtop        00400
__size_of_Delay1KTCYx               (abs)         00000
__size_of_FromMainHigh_sendmsg      (abs)         00000
__size_of_InterruptHandlerHigh      (abs)         00000
__size_of_InterruptHandlerLow       (abs)         00000
__size_of_OpenADC                   (abs)         00000
__size_of_OpenTimer0                (abs)         00000
__size_of_OpenTimer1                (abs)         00000
__size_of_OpenUSART                 (abs)         00000
__size_of_ReadUSART                 (abs)         00000
__size_of_SetChanADC                (abs)         00000
__size_of_SleepIfOkay               (abs)         00000
__size_of_ToMainHigh_recvmsg        (abs)         00000
__size_of_ToMainHigh_sendmsg        (abs)         00000
__size_of_ToMainLow_recvmsg         (abs)         00000
__size_of_ToMainLow_sendmsg         (abs)         00000
__size_of_WriteTimer0               (abs)         00000
__size_of_WriteTimer1               (abs)         00000
__size_of___awmod                   (abs)         00000
__size_of___lwmod                   (abs)         00000
__size_of_adc_int_handler           (abs)         00000
__size_of_block_on_To_msgqueues     (abs)         00000
__size_of_check_msg                 (abs)         00000
__size_of_enable_interrupts         (abs)         00000
__size_of_enter_sleep_mode          (abs)         00000
__size_of_handle_start              (abs)         00000
__size_of_i2c_configure_slave       (abs)         00000
__size_of_i2c_int_handler           (abs)         00000
__size_of_i2c_master_send           (abs)         00000
__size_of_i2c_slave_int_handler     (abs)         00000
__size_of_in_high_int               (abs)         00000
__size_of_in_low_int                (abs)         00000
__size_of_in_main                   (abs)         00000
__size_of_init_i2c                  (abs)         00000
__size_of_init_queue                (abs)         00000
__size_of_init_queues               (abs)         00000
__size_of_init_timer1_lthread       (abs)         00000
__size_of_init_uart_recv            (abs)         00000
__size_of_main                      (abs)         00000
__size_of_memcpy                    (abs)         00000
__size_of_motorMove                 (abs)         00000
__size_of_recv_msg                  (abs)         00000
__size_of_send_msg                  (abs)         00000
__size_of_start_i2c_slave_reply     (abs)         00000
__size_of_timer0_int_handler        (abs)         00000
__size_of_timer0_lthread            (abs)         00000
__size_of_timer1_int_handler        (abs)         00000
__size_of_timer1_lthread            (abs)         00000
__size_of_uart_recv_int_handler     (abs)         00000
__size_of_uart_trans                (abs)         00000
__size_of_uart_trans_int_handler    (abs)         00000
__size_ofi1___awmod                 (abs)         00000
__size_ofi1_memcpy                  (abs)         00000
__size_ofi1_send_msg                (abs)         00000
__size_ofi2___awmod                 (abs)         00000
__size_ofi2_check_msg               (abs)         00000
__size_ofi2_in_high_int             (abs)         00000
__size_ofi2_in_low_int              (abs)         00000
__size_ofi2_memcpy                  (abs)         00000
__size_ofi2_send_msg                (abs)         00000
__size_ofi2_uart_trans              (abs)         00000
__smallconst                        smallconst    00000
_adc_int_handler                    text41        021DE
_adcbuffer                          bssCOMRAM     0002D
_block_on_To_msgqueues              text15        01AB4
_check_msg                          text19        020C4
_distDesired                        bssCOMRAM     0004F
_distMoved                          bssBANK0      000CB
_enable_interrupts                  text14        022F6
_enter_sleep_mode                   text59        02304
_handle_start                       text50        01312
_i2c_configure_slave                text13        02190
_i2c_int_handler                    text44        022FE
_i2c_master_send                    text12        00C52
_i2c_slave_int_handler              text45        000CA
_ic_ptr                             nvBANK0       000C9
_in_high_int                        text18        02296
_in_low_int                         text17        01E84
_in_main                            text16        01F10
_init_i2c                           text11        01C8C
_init_queue                         text10        01B32
_init_queues                        text9         01C1E
_init_timer1_lthread                text8         02284
_init_uart_recv                     text7         02220
_leftEncoder                        bssCOMRAM     00050
_main                               text0         00806
_memcpy                             text24        01DC8
_motorMove                          text47        02018
_recv_msg                           text23        00AF4
_rightEncoder                       bssCOMRAM     00051
_send_msg                           text5         00D90
_start_i2c_slave_reply              text46        010F6
_timer0_int_handler                 text43        016C6
_timer0_lthread                     text6         02272
_timer1_int_handler                 text39        022DE
_timer1_lthread                     text2         01BAC
_uart_recv_int_handler              text33        013DE
_uart_trans                         text1         0155E
_uart_trans_int_handler             text32        01D60
_uc_ptr                             nvCOMRAM      00057
check_msg@qptr                      cstackBANK1   00186
end_of_initialization               cinit         01916
handle_start@data_read              cstackBANK0   00080
i1___awmod                          text37        01768
i1___awmod@counter                  cstackCOMRAM  00006
i1___awmod@dividend                 cstackCOMRAM  00001
i1___awmod@divisor                  cstackCOMRAM  00003
i1___awmod@sign                     cstackCOMRAM  00007
i1_memcpy                           text36        01FD8
i1_send_msg                         text35        0149E
i1memcpy@d                          cstackCOMRAM  00007
i1memcpy@d1                         cstackCOMRAM  00001
i1memcpy@n                          cstackCOMRAM  00005
i1memcpy@s                          cstackCOMRAM  00009
i1memcpy@s1                         cstackCOMRAM  00003
i1send_msg@data                     cstackCOMRAM  0000F
i1send_msg@length                   cstackCOMRAM  0000D
i1send_msg@msgtype                  cstackCOMRAM  0000E
i1send_msg@qmsg                     cstackCOMRAM  00015
i1send_msg@qptr                     cstackCOMRAM  0000B
i1send_msg@slot                     cstackCOMRAM  00014
i1send_msg@tlength                  cstackCOMRAM  00012
i2___awmod                          text54        01204
i2___awmod@counter                  cstackBANK0   00085
i2___awmod@dividend                 cstackBANK0   00080
i2___awmod@divisor                  cstackBANK0   00082
i2___awmod@sign                     cstackBANK0   00086
i2_check_msg                        text58        02130
i2_in_high_int                      text57        022CC
i2_in_low_int                       text56        01ECA
i2_memcpy                           text53        01E26
i2_send_msg                         text52        00EBC
i2_uart_trans                       text48        01612
i2c_configure_slave@addr            cstackBANK1   00186
i2c_master_send@msg                 cstackBANK1   00187
i2c_master_send@recvlength          cstackBANK1   00186
i2c_master_send@sendlength          cstackBANK1   0018C
i2c_master_send@slave_addr          cstackBANK1   00189
i2c_slave_int_handler@F5136         dataBANK0     000BF
i2c_slave_int_handler@F5138         dataBANK0     000C4
i2c_slave_int_handler@data_read     cstackBANK0   000B0
i2c_slave_int_handler@data_written  cstackBANK0   000A9
i2c_slave_int_handler@dist          cstackBANK0   000A1
i2c_slave_int_handler@error_buf     cstackBANK0   000A6
i2c_slave_int_handler@i2c_data      cstackBANK0   000AB
i2c_slave_int_handler@length        cstackBANK0   000AD
i2c_slave_int_handler@msg_ready     cstackBANK0   000AF
i2c_slave_int_handler@msg_to_send   cstackBANK0   000AC
i2c_slave_int_handler@overrun_error cstackBANK0   000AA
i2c_slave_int_handler@sensormsg     cstackBANK0   0009C
i2check_msg@qptr                    cstackBANK0   00080
i2memcpy@d                          cstackBANK0   00086
i2memcpy@d1                         cstackBANK0   00080
i2memcpy@n                          cstackBANK0   00084
i2memcpy@s                          cstackBANK0   00088
i2memcpy@s1                         cstackBANK0   00082
i2send_msg@data                     cstackBANK0   0008E
i2send_msg@length                   cstackBANK0   0008C
i2send_msg@msgtype                  cstackBANK0   0008D
i2send_msg@qmsg                     cstackBANK0   00094
i2send_msg@qptr                     cstackBANK0   0008A
i2send_msg@slot                     cstackBANK0   00093
i2send_msg@tlength                  cstackBANK0   00091
i2uart_trans@data                   cstackBANK0   00080
i2uart_trans@length                 cstackBANK0   00084
init_i2c@ic                         cstackBANK1   00186
init_queue@i                        cstackBANK1   00189
init_queue@qptr                     cstackBANK1   00186
init_timer1_lthread@tptr            cstackBANK1   00186
init_uart_recv@uc                   cstackBANK1   00186
int_func                            intcode_body  019AA
intlevel0                           text          00000
intlevel1                           text          00000
intlevel2                           text          00000
intlevel3                           text          00000
main@F5220                          dataBANK1     001EA
main@ic                             cstackBANK1   001CD
main@last_reg_recvd                 cstackBANK1   001AE
main@length                         cstackBANK1   001BF
main@msg                            cstackBANK1   001AC
main@msgbuffer                      cstackBANK1   001AF
main@msgtype                        cstackBANK1   001BE
main@t0thread_data                  cstackBANK1   001BA
main@t1thread_data                  cstackBANK1   001BC
main@uc                             cstackBANK1   001C0
memcpy@d                            cstackBANK1   0018C
memcpy@d1                           cstackBANK1   00186
memcpy@n                            cstackBANK1   0018A
memcpy@s                            cstackBANK1   0018E
memcpy@s1                           cstackBANK1   00188
motorMove@direction                 cstackBANK0   00088
motorMove@distance                  cstackBANK0   00086
motorMove@left                      cstackBANK0   00087
motorMove@right                     cstackBANK0   00085
recv_msg@data                       cstackBANK1   00195
recv_msg@maxlength                  cstackBANK1   00192
recv_msg@msgtype                    cstackBANK1   00193
recv_msg@qmsg                       cstackBANK1   0019C
recv_msg@qptr                       cstackBANK1   00190
recv_msg@slot                       cstackBANK1   00199
recv_msg@tlength                    cstackBANK1   0019A
send_msg@data                       cstackBANK1   00194
send_msg@length                     cstackBANK1   00192
send_msg@msgtype                    cstackBANK1   00193
send_msg@qmsg                       cstackBANK1   0019A
send_msg@qptr                       cstackBANK1   00190
send_msg@slot                       cstackBANK1   00199
send_msg@tlength                    cstackBANK1   00197
stackhi                             (abs)         003FF
stacklo                             (abs)         00286
start                               init          000C6
start_i2c_slave_reply@length        cstackBANK0   00084
start_i2c_slave_reply@msg           cstackBANK0   00080
start_initialization                cinit         01896
timer0_int_handler@F5115            dataCOMRAM    00052
timer0_int_handler@F5117            bssCOMRAM     0004B
timer0_int_handler@motorcomm        cstackBANK0   0008C
timer0_int_handler@motormsg         cstackBANK0   0008E
timer0_lthread@length               cstackBANK1   0018A
timer0_lthread@msgbuffer            cstackBANK1   0018C
timer0_lthread@msgtype              cstackBANK1   00188
timer0_lthread@msgval               cstackBANK1   0018E
timer0_lthread@tptr                 cstackBANK1   00186
timer1_lthread@length               cstackBANK1   001A4
timer1_lthread@msgbuffer            cstackBANK1   001A6
timer1_lthread@msgtype              cstackBANK1   001A2
timer1_lthread@retval               cstackBANK1   001A9
timer1_lthread@tptr                 cstackBANK1   001A0
uart_trans@data                     cstackBANK1   00186
uart_trans@length                   cstackBANK1   0018A


FUNCTION INFORMATION:

 *************** function _main *****************
 Defined at:
		line 186 in file "../src/main.c"
 Parameters:    Size  Location     Type
		None
 Auto vars:     Size  Location     Type
  ic             29   71[BANK1 ] struct __i2c_comm
  uc             13   58[BANK1 ] struct __uart_comm
  msgbuffer      11   41[BANK1 ] unsigned char [11]
  t1thread_dat    2   54[BANK1 ] struct __timer1_thread_s
  t0thread_dat    2   52[BANK1 ] struct __timer0_thread_s
  msg             2   38[BANK1 ] unsigned char [2]
  uthread_data    2    0        struct __uart_thread_str
  length          1   57[BANK1 ] char 
  msgtype         1   56[BANK1 ] unsigned char 
  last_reg_rec    1   40[BANK1 ] unsigned char 
  i               1    0        unsigned char 
  c               1    0        unsigned char 
 Return value:  Size  Location     Type
		None               void
 Registers used:
		wreg, fsr0l, fsr0h, fsr1l, fsr1h, fsr1l, fsr1h, fsr2l, fsr2h, status,2, status,0, pclat, btemp, btemp+1, btemp+2, btemp+3, btemp+4, btemp+5, btemp+6, btemp+7, btemp+8, btemp+9, btemp+10, btemp+11, tosl, structret, tblptrl, tblptrh, tblptru, prodl, prodh, bsr, cstack
 Tracked objects:
		On entry : 
		On exit  : 
		Unchanged: 
 Data sizes:     COMRAM   BANK0   BANK1   BANK2   BANK3
      Params:         0       0       0       0       0
      Locals:         0       0      62       0       0
      Temps:          0       0       2       0       0
      Totals:         0       0      64       0       0
Total ram usage:       64 bytes
 Hardware stack levels required when called:   15
 This function calls:
		_OpenADC
		_OpenTimer0
		_OpenTimer1
		_OpenUSART
		_SetChanADC
		_ToMainHigh_recvmsg
		_ToMainLow_recvmsg
		_block_on_To_msgqueues
		_enable_interrupts
		_i2c_configure_slave
		_i2c_master_send
		_init_i2c
		_init_queues
		_init_timer1_lthread
		_init_uart_recv
		_timer0_lthread
		_timer1_lthread
		_uart_trans
 This function is called by:
		Startup code after reset
 This function uses a non-reentrant model


 *************** function _uart_trans *****************
 Defined at:
		line 61 in file "../src/my_uart.c"
 Parameters:    Size  Location     Type
  length          1    wreg     unsigned char 
  data            2    0[BANK1 ] PTR unsigned char 
		 -> motorMove@direction(2), main@msgbuffer(11), 
 Auto vars:     Size  Location     Type
  length          1    4[BANK1 ] unsigned char 
 Return value:  Size  Location     Type
		None               void
 Registers used:
		wreg, fsr1l, fsr1h, fsr2l, fsr2h, status,2, status,0, prodl, prodh
 Tracked objects:
		On entry : 
		On exit  : 
		Unchanged: 
 Data sizes:     COMRAM   BANK0   BANK1   BANK2   BANK3
      Params:         0       0       2       0       0
      Locals:         0       0       1       0       0
      Temps:          0       0       2       0       0
      Totals:         0       0       5       0       0
Total ram usage:        5 bytes
 Hardware stack levels used:    1
 Hardware stack levels required when called:   11
 This function calls:
		Nothing
 This function is called by:
		_main
 This function uses a non-reentrant model


 *************** function _timer1_lthread *****************
 Defined at:
		line 14 in file "../src/timer1_thread.c"
 Parameters:    Size  Location     Type
  tptr            2   26[BANK1 ] PTR struct __timer1_thre
		 -> main@t1thread_data(2), 
  msgtype         2   28[BANK1 ] int 
  length          2   30[BANK1 ] int 
  msgbuffer       2   32[BANK1 ] PTR unsigned char 
		 -> main@msgbuffer(11), 
 Auto vars:     Size  Location     Type
  retval          1   35[BANK1 ] char 
 Return value:  Size  Location     Type
                  2   26[BANK1 ] int 
 Registers used:
		wreg, fsr1l, fsr1h, fsr2l, fsr2h, status,2, status,0, prodl, prodh, cstack
 Tracked objects:
		On entry : 
		On exit  : 
		Unchanged: 
 Data sizes:     COMRAM   BANK0   BANK1   BANK2   BANK3
      Params:         0       0       8       0       0
      Locals:         0       0       1       0       0
      Temps:          0       0       1       0       0
      Totals:         0       0      10       0       0
Total ram usage:       10 bytes
 Hardware stack levels used:    1
 Hardware stack levels required when called:   14
 This function calls:
		_FromMainHigh_sendmsg
		___lwmod
 This function is called by:
		_main
 This function uses a non-reentrant model


 *************** function ___lwmod *****************
 Defined at:
		line 8 in file "C:\Program Files (x86)\Microchip\xc8\v1.30\sources\common\lwmod.c"
 Parameters:    Size  Location     Type
  dividend        2    0[BANK1 ] unsigned int 
  divisor         2    2[BANK1 ] unsigned int 
 Auto vars:     Size  Location     Type
  counter         1    5[BANK1 ] unsigned char 
 Return value:  Size  Location     Type
                  2    0[BANK1 ] unsigned int 
 Registers used:
		wreg, status,2, status,0
 Tracked objects:
		On entry : 
		On exit  : 
		Unchanged: 
 Data sizes:     COMRAM   BANK0   BANK1   BANK2   BANK3
      Params:         0       0       4       0       0
      Locals:         0       0       1       0       0
      Temps:          0       0       1       0       0
      Totals:         0       0       6       0       0
Total ram usage:        6 bytes
 Hardware stack levels used:    1
 Hardware stack levels required when called:   11
 This function calls:
		Nothing
 This function is called by:
		_timer1_lthread
 This function uses a non-reentrant model


 *************** function _FromMainHigh_sendmsg *****************
 Defined at:
		line 174 in file "../src/messages.c"
 Parameters:    Size  Location     Type
  length          1    wreg     unsigned char 
  msgtype         1   22[BANK1 ] unsigned char 
  data            2   23[BANK1 ] PTR void 
		 -> main@t1thread_data(2), 
 Auto vars:     Size  Location     Type
  length          1   25[BANK1 ] unsigned char 
 Return value:  Size  Location     Type
                  1    wreg      char 
 Registers used:
		wreg, fsr1l, fsr1h, fsr2l, fsr2h, status,2, status,0, prodl, prodh, cstack
 Tracked objects:
		On entry : 
		On exit  : 
		Unchanged: 
 Data sizes:     COMRAM   BANK0   BANK1   BANK2   BANK3
      Params:         0       0       3       0       0
      Locals:         0       0       1       0       0
      Temps:          0       0       0       0       0
      Totals:         0       0       4       0       0
Total ram usage:        4 bytes
 Hardware stack levels used:    1
 Hardware stack levels required when called:   13
 This function calls:
		_send_msg
 This function is called by:
		_timer1_lthread
 This function uses a non-reentrant model


 *************** function _send_msg *****************
 Defined at:
		line 24 in file "../src/messages.c"
 Parameters:    Size  Location     Type
  qptr            2   10[BANK1 ] PTR struct __msg_queue
		 -> FromMainHigh_MQ(67), FromMainLow_MQ(67), ToMainHigh_MQ(67), ToMainLow_MQ(67), 
  length          1   12[BANK1 ] unsigned char 
  msgtype         1   13[BANK1 ] unsigned char 
  data            2   14[BANK1 ] PTR void 
		 -> NULL(0), i2c_slave_int_handler@error_buf(3), main@t1thread_data(2), main@ic(29), 
		 -> main@uc(13), 
 Auto vars:     Size  Location     Type
  qmsg            2   20[BANK1 ] PTR struct __msg
		 -> FromMainLow_MQ.queue(65), FromMainHigh_MQ.queue(65), ToMainHigh_MQ.queue(65), ToMainLow_MQ.queue(65), 
		 -> FromMainHigh_MQ(67), FromMainLow_MQ(67), ToMainHigh_MQ(67), ToMainLow_MQ(67), 
  tlength         2   17[BANK1 ] unsigned int 
  slot            1   19[BANK1 ] unsigned char 
 Return value:  Size  Location     Type
                  1    wreg      char 
 Registers used:
		wreg, fsr1l, fsr1h, fsr2l, fsr2h, status,2, status,0, prodl, prodh, cstack
 Tracked objects:
		On entry : 
		On exit  : 
		Unchanged: 
 Data sizes:     COMRAM   BANK0   BANK1   BANK2   BANK3
      Params:         0       0       6       0       0
      Locals:         0       0       5       0       0
      Temps:          0       0       1       0       0
      Totals:         0       0      12       0       0
Total ram usage:       12 bytes
 Hardware stack levels used:    1
 Hardware stack levels required when called:   12
 This function calls:
		___awmod
		_memcpy
 This function is called by:
		_FromMainHigh_sendmsg
		_FromMainLow_sendmsg
 This function uses a non-reentrant model


 *************** function _timer0_lthread *****************
 Defined at:
		line 9 in file "../src/timer0_thread.c"
 Parameters:    Size  Location     Type
  tptr            2    0[BANK1 ] PTR struct __timer0_thre
		 -> main@t0thread_data(2), 
  msgtype         2    2[BANK1 ] int 
  length          2    4[BANK1 ] int 
  msgbuffer       2    6[BANK1 ] PTR unsigned char 
		 -> main@msgbuffer(11), 
 Auto vars:     Size  Location     Type
  msgval          2    8[BANK1 ] PTR unsigned int 
		 -> main@msgbuffer(11), 
 Return value:  Size  Location     Type
                  2    0[BANK1 ] int 
 Registers used:
		wreg, status,2, status,0
 Tracked objects:
		On entry : 
		On exit  : 
		Unchanged: 
 Data sizes:     COMRAM   BANK0   BANK1   BANK2   BANK3
      Params:         0       0       8       0       0
      Locals:         0       0       2       0       0
      Temps:          0       0       0       0       0
      Totals:         0       0      10       0       0
Total ram usage:       10 bytes
 Hardware stack levels used:    1
 Hardware stack levels required when called:   11
 This function calls:
		Nothing
 This function is called by:
		_main
 This function uses a non-reentrant model


 *************** function _init_uart_recv *****************
 Defined at:
		line 54 in file "../src/my_uart.c"
 Parameters:    Size  Location     Type
  uc              2    0[BANK1 ] PTR struct __uart_comm
		 -> main@uc(13), 
 Auto vars:     Size  Location     Type
		None
 Return value:  Size  Location     Type
		None               void
 Registers used:
		wreg, fsr2l, fsr2h, status,2, status,0
 Tracked objects:
		On entry : 
		On exit  : 
		Unchanged: 
 Data sizes:     COMRAM   BANK0   BANK1   BANK2   BANK3
      Params:         0       0       2       0       0
      Locals:         0       0       0       0       0
      Temps:          0       0       0       0       0
      Totals:         0       0       2       0       0
Total ram usage:        2 bytes
 Hardware stack levels used:    1
 Hardware stack levels required when called:   11
 This function calls:
		Nothing
 This function is called by:
		_main
 This function uses a non-reentrant model


 *************** function _init_timer1_lthread *****************
 Defined at:
		line 6 in file "../src/timer1_thread.c"
 Parameters:    Size  Location     Type
  tptr            2    0[BANK1 ] PTR struct __timer1_thre
		 -> main@t1thread_data(2), 
 Auto vars:     Size  Location     Type
		None
 Return value:  Size  Location     Type
		None               void
 Registers used:
		wreg, fsr2l, fsr2h
 Tracked objects:
		On entry : 
		On exit  : 
		Unchanged: 
 Data sizes:     COMRAM   BANK0   BANK1   BANK2   BANK3
      Params:         0       0       2       0       0
      Locals:         0       0       0       0       0
      Temps:          0       0       0       0       0
      Totals:         0       0       2       0       0
Total ram usage:        2 bytes
 Hardware stack levels used:    1
 Hardware stack levels required when called:   11
 This function calls:
		Nothing
 This function is called by:
		_main
 This function uses a non-reentrant model


 *************** function _init_queues *****************
 Defined at:
		line 194 in file "../src/messages.c"
 Parameters:    Size  Location     Type
		None
 Auto vars:     Size  Location     Type
		None
 Return value:  Size  Location     Type
		None               void
 Registers used:
		wreg, fsr2l, fsr2h, status,2, status,0, prodl, prodh, cstack
 Tracked objects:
		On entry : 
		On exit  : 
		Unchanged: 
 Data sizes:     COMRAM   BANK0   BANK1   BANK2   BANK3
      Params:         0       0       0       0       0
      Locals:         0       0       0       0       0
      Temps:          0       0       1       0       0
      Totals:         0       0       1       0       0
Total ram usage:        1 bytes
 Hardware stack levels used:    1
 Hardware stack levels required when called:   12
 This function calls:
		_init_queue
 This function is called by:
		_main
 This function uses a non-reentrant model


 *************** function _init_queue *****************
 Defined at:
		line 14 in file "../src/messages.c"
 Parameters:    Size  Location     Type
  qptr            2    0[BANK1 ] PTR struct __msg_queue
		 -> FromMainHigh_MQ(67), FromMainLow_MQ(67), ToMainHigh_MQ(67), ToMainLow_MQ(67), 
 Auto vars:     Size  Location     Type
  i               1    3[BANK1 ] unsigned char 
 Return value:  Size  Location     Type
		None               void
 Registers used:
		wreg, fsr2l, fsr2h, status,2, status,0, prodl, prodh
 Tracked objects:
		On entry : 
		On exit  : 
		Unchanged: 
 Data sizes:     COMRAM   BANK0   BANK1   BANK2   BANK3
      Params:         0       0       2       0       0
      Locals:         0       0       1       0       0
      Temps:          0       0       1       0       0
      Totals:         0       0       4       0       0
Total ram usage:        4 bytes
 Hardware stack levels used:    1
 Hardware stack levels required when called:   11
 This function calls:
		Nothing
 This function is called by:
		_init_queues
 This function uses a non-reentrant model


 *************** function _init_i2c *****************
 Defined at:
		line 436 in file "../src/my_i2c.c"
 Parameters:    Size  Location     Type
  ic              2    0[BANK1 ] PTR struct __i2c_comm
		 -> main@ic(29), 
 Auto vars:     Size  Location     Type
		None
 Return value:  Size  Location     Type
		None               void
 Registers used:
		wreg, fsr2l, fsr2h, status,2, status,0
 Tracked objects:
		On entry : 
		On exit  : 
		Unchanged: 
 Data sizes:     COMRAM   BANK0   BANK1   BANK2   BANK3
      Params:         0       0       2       0       0
      Locals:         0       0       0       0       0
      Temps:          0       0       0       0       0
      Totals:         0       0       2       0       0
Total ram usage:        2 bytes
 Hardware stack levels used:    1
 Hardware stack levels required when called:   11
 This function calls:
		Nothing
 This function is called by:
		_main
 This function uses a non-reentrant model


 *************** function _i2c_master_send *****************
 Defined at:
		line 44 in file "../src/my_i2c.c"
 Parameters:    Size  Location     Type
  sendlength      1    wreg     unsigned char 
  recvlength      1    0[BANK1 ] unsigned char 
  msg             2    1[BANK1 ] PTR unsigned char 
		 -> main@msgbuffer(11), 
  slave_addr      1    3[BANK1 ] unsigned char 
 Auto vars:     Size  Location     Type
  sendlength      1    6[BANK1 ] unsigned char 
 Return value:  Size  Location     Type
                  1    wreg      unsigned char 
 Registers used:
		wreg, fsr1l, fsr1h, fsr2l, fsr2h, status,2, status,0, prodl, prodh
 Tracked objects:
		On entry : 
		On exit  : 
		Unchanged: 
 Data sizes:     COMRAM   BANK0   BANK1   BANK2   BANK3
      Params:         0       0       4       0       0
      Locals:         0       0       1       0       0
      Temps:          0       0       2       0       0
      Totals:         0       0       7       0       0
Total ram usage:        7 bytes
 Hardware stack levels used:    1
 Hardware stack levels required when called:   11
 This function calls:
		Nothing
 This function is called by:
		_main
 This function uses a non-reentrant model


 *************** function _i2c_configure_slave *****************
 Defined at:
		line 447 in file "../src/my_i2c.c"
 Parameters:    Size  Location     Type
  addr            1    wreg     unsigned char 
 Auto vars:     Size  Location     Type
  addr            1    0[BANK1 ] unsigned char 
 Return value:  Size  Location     Type
		None               void
 Registers used:
		wreg, status,2, status,0
 Tracked objects:
		On entry : 
		On exit  : 
		Unchanged: 
 Data sizes:     COMRAM   BANK0   BANK1   BANK2   BANK3
      Params:         0       0       0       0       0
      Locals:         0       0       1       0       0
      Temps:          0       0       0       0       0
      Totals:         0       0       1       0       0
Total ram usage:        1 bytes
 Hardware stack levels used:    1
 Hardware stack levels required when called:   11
 This function calls:
		Nothing
 This function is called by:
		_main
 This function uses a non-reentrant model


 *************** function _enable_interrupts *****************
 Defined at:
		line 15 in file "../src/interrupts.c"
 Parameters:    Size  Location     Type
		None
 Auto vars:     Size  Location     Type
		None
 Return value:  Size  Location     Type
		None               void
 Registers used:
		None
 Tracked objects:
		On entry : 
		On exit  : 
		Unchanged: 
 Data sizes:     COMRAM   BANK0   BANK1   BANK2   BANK3
      Params:         0       0       0       0       0
      Locals:         0       0       0       0       0
      Temps:          0       0       0       0       0
      Totals:         0       0       0       0       0
Total ram usage:        0 bytes
 Hardware stack levels used:    1
 Hardware stack levels required when called:   11
 This function calls:
		Nothing
 This function is called by:
		_main
 This function uses a non-reentrant model


 *************** function _block_on_To_msgqueues *****************
 Defined at:
		line 258 in file "../src/messages.c"
 Parameters:    Size  Location     Type
		None
 Auto vars:     Size  Location     Type
		None
 Return value:  Size  Location     Type
		None               void
 Registers used:
		wreg, fsr2l, fsr2h, status,2, status,0, prodl, prodh, cstack
 Tracked objects:
		On entry : 
		On exit  : 
		Unchanged: 
 Data sizes:     COMRAM   BANK0   BANK1   BANK2   BANK3
      Params:         0       0       0       0       0
      Locals:         0       0       0       0       0
      Temps:          0       0       1       0       0
      Totals:         0       0       1       0       0
Total ram usage:        1 bytes
 Hardware stack levels used:    1
 Hardware stack levels required when called:   14
 This function calls:
		_Delay1KTCYx
		_check_msg
		_in_main
 This function is called by:
		_main
 This function uses a non-reentrant model


 *************** function _in_main *****************
 Defined at:
		line 41 in file "../src/interrupts.c"
 Parameters:    Size  Location     Type
		None
 Auto vars:     Size  Location     Type
		None
 Return value:  Size  Location     Type
                  2    4[BANK1 ] int 
 Registers used:
		wreg, status,2, status,0, cstack
 Tracked objects:
		On entry : 
		On exit  : 
		Unchanged: 
 Data sizes:     COMRAM   BANK0   BANK1   BANK2   BANK3
      Params:         0       0       2       0       0
      Locals:         0       0       0       0       0
      Temps:          0       0       0       0       0
      Totals:         0       0       2       0       0
Total ram usage:        2 bytes
 Hardware stack levels used:    1
 Hardware stack levels required when called:   13
[...]
      Totals:         0       5       0       0       0
Total ram usage:        5 bytes
 Hardware stack levels used:    1
 Hardware stack levels required when called:    1
 This function calls:
		_WriteTimer0
		i2_uart_trans
 This function is called by:
		_i2c_slave_int_handler
		_timer0_int_handler
 This function uses a non-reentrant model


 *************** function i2_uart_trans *****************
 Defined at:
		line 61 in file "../src/my_uart.c"
 Parameters:    Size  Location     Type
  length          1    wreg     unsigned char 
  data            2    0[BANK0 ] PTR unsigned char 
		 -> motorMove@direction(2), main@msgbuffer(11), 
 Auto vars:     Size  Location     Type
  length          1    4[BANK0 ] unsigned char 
 Return value:  Size  Location     Type
		None               void
 Registers used:
		wreg, fsr1l, fsr1h, fsr2l, fsr2h, status,2, status,0, prodl, prodh
 Tracked objects:
		On entry : 
		On exit  : 
		Unchanged: 
 Data sizes:     COMRAM   BANK0   BANK1   BANK2   BANK3
      Params:         0       2       0       0       0
      Locals:         0       1       0       0       0
      Temps:          0       2       0       0       0
      Totals:         0       5       0       0       0
Total ram usage:        5 bytes
 Hardware stack levels used:    1
 This function calls:
		Nothing
 This function is called by:
		_motorMove
 This function uses a non-reentrant model


 *************** function _WriteTimer0 *****************
 Defined at:
		line 16 in file "C:\Program Files (x86)\Microchip\xc8\v1.30\sources\pic18\plib\Timers\t0write.c"
 Parameters:    Size  Location     Type
  timer0          2    0[BANK0 ] unsigned int 
 Auto vars:     Size  Location     Type
  timer           2    2[BANK0 ] struct Timers
 Return value:  Size  Location     Type
		None               void
 Registers used:
		None
 Tracked objects:
		On entry : 
		On exit  : 
		Unchanged: 
 Data sizes:     COMRAM   BANK0   BANK1   BANK2   BANK3
      Params:         0       2       0       0       0
      Locals:         0       2       0       0       0
      Temps:          0       0       0       0       0
      Totals:         0       4       0       0       0
Total ram usage:        4 bytes
 Hardware stack levels used:    1
 This function calls:
		Nothing
 This function is called by:
		_timer0_int_handler
		_motorMove
 This function uses a non-reentrant model


 *************** function _handle_start *****************
 Defined at:
		line 110 in file "../src/my_i2c.c"
 Parameters:    Size  Location     Type
  data_read       1    wreg     unsigned char 
 Auto vars:     Size  Location     Type
  data_read       1    0[BANK0 ] unsigned char 
 Return value:  Size  Location     Type
		None               void
 Registers used:
		wreg, fsr2l, fsr2h, status,2, status,0
 Tracked objects:
		On entry : 
		On exit  : 
		Unchanged: 
 Data sizes:     COMRAM   BANK0   BANK1   BANK2   BANK3
      Params:         0       0       0       0       0
      Locals:         0       1       0       0       0
      Temps:          0       0       0       0       0
      Totals:         0       1       0       0       0
Total ram usage:        1 bytes
 Hardware stack levels used:    1
 This function calls:
		Nothing
 This function is called by:
		_i2c_slave_int_handler
 This function uses a non-reentrant model


 *************** function _ToMainHigh_sendmsg *****************
 Defined at:
		line 126 in file "../src/messages.c"
 Parameters:    Size  Location     Type
  length          1    wreg     unsigned char 
  msgtype         1   22[BANK0 ] unsigned char 
  data            2   23[BANK0 ] PTR void 
		 -> NULL(0), i2c_slave_int_handler@error_buf(3), main@ic(29), 
 Auto vars:     Size  Location     Type
  length          1   25[BANK0 ] unsigned char 
 Return value:  Size  Location     Type
                  1    wreg      char 
 Registers used:
		wreg, fsr1l, fsr1h, fsr2l, fsr2h, status,2, status,0, prodl, prodh, cstack
 Tracked objects:
		On entry : 
		On exit  : 
		Unchanged: 
 Data sizes:     COMRAM   BANK0   BANK1   BANK2   BANK3
      Params:         0       3       0       0       0
      Locals:         0       1       0       0       0
      Temps:          0       0       0       0       0
      Totals:         0       4       0       0       0
Total ram usage:        4 bytes
 Hardware stack levels used:    1
 Hardware stack levels required when called:    2
 This function calls:
		i2_send_msg
 This function is called by:
		_i2c_slave_int_handler
		_i2c_master_int_handler
 This function uses a non-reentrant model


 *************** function i2_send_msg *****************
 Defined at:
		line 24 in file "../src/messages.c"
 Parameters:    Size  Location     Type
  qptr            2   10[BANK0 ] PTR struct __msg_queue
		 -> FromMainHigh_MQ(67), FromMainLow_MQ(67), ToMainHigh_MQ(67), ToMainLow_MQ(67), 
  length          1   12[BANK0 ] unsigned char 
  msgtype         1   13[BANK0 ] unsigned char 
  data            2   14[BANK0 ] PTR void 
		 -> NULL(0), i2c_slave_int_handler@error_buf(3), main@t1thread_data(2), main@ic(29), 
		 -> main@uc(13), 
 Auto vars:     Size  Location     Type
  send_msg        2   20[BANK0 ] PTR struct __msg
		 -> FromMainLow_MQ.queue(65), FromMainHigh_MQ.queue(65), ToMainHigh_MQ.queue(65), ToMainLow_MQ.queue(65), 
		 -> FromMainHigh_MQ(67), FromMainLow_MQ(67), ToMainHigh_MQ(67), ToMainLow_MQ(67), 
  send_msg        2   17[BANK0 ] unsigned int 
  send_msg        1   19[BANK0 ] unsigned char 
 Return value:  Size  Location     Type
                  1    wreg      char 
 Registers used:
		wreg, fsr1l, fsr1h, fsr2l, fsr2h, status,2, status,0, prodl, prodh, cstack
 Tracked objects:
		On entry : 
		On exit  : 
		Unchanged: 
 Data sizes:     COMRAM   BANK0   BANK1   BANK2   BANK3
      Params:         0       6       0       0       0
      Locals:         0       5       0       0       0
      Temps:          0       1       0       0       0
      Totals:         0      12       0       0       0
Total ram usage:       12 bytes
 Hardware stack levels used:    1
 Hardware stack levels required when called:    1
 This function calls:
		i2___awmod
		i2_memcpy
 This function is called by:
		_ToMainHigh_sendmsg
 This function uses a non-reentrant model


 *************** function i2_memcpy *****************
 Defined at:
		line 11 in file "C:\Program Files (x86)\Microchip\xc8\v1.30\sources\common\memcpy.c"
 Parameters:    Size  Location     Type
  d1              2    0[BANK0 ] PTR void 
		 -> FromMainLow_MQ.queue(65), FromMainHigh_MQ.queue(65), ToMainHigh_MQ.queue(65), ToMainLow_MQ.queue(65), 
		 -> FromMainHigh_MQ(67), FromMainLow_MQ(67), ToMainHigh_MQ(67), ToMainLow_MQ(67), 
		 -> main@msgbuffer(11), 
  s1              2    2[BANK0 ] PTR const void 
		 -> ToMainLow_MQ.data(10), ToMainHigh_MQ.data(10), FromMainLow_MQ.data(10), FromMainHigh_MQ.data(10), 
		 -> ToMainLow_MQ.queue.data(10), ToMainHigh_MQ.queue.data(10), FromMainHigh_MQ.queue.data(10), FromMainLow_MQ.queue.data(10), 
		 -> NULL(0), i2c_slave_int_handler@error_buf(3), FromMainHigh_MQ(67), FromMainLow_MQ(67), 
		 -> ToMainHigh_MQ(67), ToMainLow_MQ(67), main@t1thread_data(2), main@ic(29), 
		 -> main@uc(13), 
  n               2    4[BANK0 ] unsigned int 
 Auto vars:     Size  Location     Type
  memcpy          2    8[BANK0 ] PTR const unsigned char 
		 -> ToMainLow_MQ.data(10), ToMainHigh_MQ.data(10), FromMainLow_MQ.data(10), FromMainHigh_MQ.data(10), 
		 -> ToMainLow_MQ.queue.data(10), ToMainHigh_MQ.queue.data(10), FromMainHigh_MQ.queue.data(10), FromMainLow_MQ.queue.data(10), 
		 -> NULL(0), i2c_slave_int_handler@error_buf(3), FromMainHigh_MQ(67), FromMainLow_MQ(67), 
		 -> ToMainHigh_MQ(67), ToMainLow_MQ(67), main@t1thread_data(2), main@ic(29), 
		 -> main@uc(13), 
  memcpy          2    6[BANK0 ] PTR unsigned char 
		 -> FromMainLow_MQ.queue(65), FromMainHigh_MQ.queue(65), ToMainHigh_MQ.queue(65), ToMainLow_MQ.queue(65), 
		 -> FromMainHigh_MQ(67), FromMainLow_MQ(67), ToMainHigh_MQ(67), ToMainLow_MQ(67), 
		 -> main@msgbuffer(11), 
 Return value:  Size  Location     Type
                  2    0[BANK0 ] PTR void 
 Registers used:
		wreg, fsr1l, fsr1h, fsr2l, fsr2h, status,2, status,0
 Tracked objects:
		On entry : 
		On exit  : 
		Unchanged: 
 Data sizes:     COMRAM   BANK0   BANK1   BANK2   BANK3
      Params:         0       6       0       0       0
      Locals:         0       4       0       0       0
      Temps:          0       0       0       0       0
      Totals:         0      10       0       0       0
Total ram usage:       10 bytes
 Hardware stack levels used:    1
 This function calls:
		Nothing
 This function is called by:
		i2_send_msg
 This function uses a non-reentrant model


 *************** function i2___awmod *****************
 Defined at:
		line 8 in file "C:\Program Files (x86)\Microchip\xc8\v1.30\sources\common\awmod.c"
 Parameters:    Size  Location     Type
  dividend        2    0[BANK0 ] int 
  divisor         2    2[BANK0 ] int 
 Auto vars:     Size  Location     Type
  __awmod         1    6[BANK0 ] unsigned char 
  __awmod         1    5[BANK0 ] unsigned char 
 Return value:  Size  Location     Type
                  2    0[BANK0 ] int 
 Registers used:
		wreg, status,2, status,0, prodl
 Tracked objects:
		On entry : 
		On exit  : 
		Unchanged: 
 Data sizes:     COMRAM   BANK0   BANK1   BANK2   BANK3
      Params:         0       4       0       0       0
      Locals:         0       2       0       0       0
      Temps:          0       1       0       0       0
      Totals:         0       7       0       0       0
Total ram usage:        7 bytes
 Hardware stack levels used:    1
 This function calls:
		Nothing
 This function is called by:
		i2_send_msg
 This function uses a non-reentrant model


 *************** function _SleepIfOkay *****************
 Defined at:
		line 228 in file "../src/messages.c"
 Parameters:    Size  Location     Type
		None
 Auto vars:     Size  Location     Type
		None
 Return value:  Size  Location     Type
		None               void
 Registers used:
		wreg, fsr2l, fsr2h, status,2, status,0, prodl, prodh, cstack
 Tracked objects:
		On entry : 
		On exit  : 
		Unchanged: 
 Data sizes:     COMRAM   BANK0   BANK1   BANK2   BANK3
      Params:         0       0       0       0       0
      Locals:         0       0       0       0       0
      Temps:          0       0       0       0       0
      Totals:         0       0       0       0       0
Total ram usage:        0 bytes
 Hardware stack levels used:    1
 Hardware stack levels required when called:    2
 This function calls:
		_enter_sleep_mode
		i2_check_msg
		i2_in_high_int
		i2_in_low_int
 This function is called by:
		_InterruptHandlerHigh
 This function uses a non-reentrant model


 *************** function i2_in_low_int *****************
 Defined at:
		line 31 in file "../src/interrupts.c"
 Parameters:    Size  Location     Type
		None
 Auto vars:     Size  Location     Type
		None
 Return value:  Size  Location     Type
                  2    2[BANK0 ] int 
 Registers used:
		wreg, status,2, status,0, cstack
 Tracked objects:
		On entry : 
		On exit  : 
		Unchanged: 
 Data sizes:     COMRAM   BANK0   BANK1   BANK2   BANK3
      Params:         0       2       0       0       0
      Locals:         0       0       0       0       0
      Temps:          0       0       0       0       0
      Totals:         0       2       0       0       0
Total ram usage:        2 bytes
 Hardware stack levels used:    1
 Hardware stack levels required when called:    1
 This function calls:
		i2_in_high_int
 This function is called by:
		_SleepIfOkay
 This function uses a non-reentrant model


 *************** function i2_in_high_int *****************
 Defined at:
		line 23 in file "../src/interrupts.c"
 Parameters:    Size  Location     Type
		None
 Auto vars:     Size  Location     Type
		None
 Return value:  Size  Location     Type
                  2    0[BANK0 ] int 
 Registers used:
		wreg, status,2
 Tracked objects:
		On entry : 
		On exit  : 
		Unchanged: 
 Data sizes:     COMRAM   BANK0   BANK1   BANK2   BANK3
      Params:         0       2       0       0       0
      Locals:         0       0       0       0       0
      Temps:          0       0       0       0       0
      Totals:         0       2       0       0       0
Total ram usage:        2 bytes
 Hardware stack levels used:    1
 This function calls:
		Nothing
 This function is called by:
		_SleepIfOkay
		i2_in_low_int
 This function uses a non-reentrant model


 *************** function i2_check_msg *****************
 Defined at:
		line 222 in file "../src/messages.c"
 Parameters:    Size  Location     Type
  qptr            2    0[BANK0 ] PTR struct __msg_queue
		 -> ToMainHigh_MQ(67), ToMainLow_MQ(67), 
 Auto vars:     Size  Location     Type
		None
 Return value:  Size  Location     Type
                  1    wreg      unsigned char 
 Registers used:
		wreg, fsr2l, fsr2h, status,2, status,0, prodl, prodh
 Tracked objects:
		On entry : 
		On exit  : 
		Unchanged: 
 Data sizes:     COMRAM   BANK0   BANK1   BANK2   BANK3
      Params:         0       2       0       0       0
      Locals:         0       0       0       0       0
      Temps:          0       1       0       0       0
      Totals:         0       3       0       0       0
Total ram usage:        3 bytes
 Hardware stack levels used:    1
 This function calls:
		Nothing
 This function is called by:
		_SleepIfOkay
 This function uses a non-reentrant model


 *************** function _enter_sleep_mode *****************
 Defined at:
		line 202 in file "../src/messages.c"
 Parameters:    Size  Location     Type
		None
 Auto vars:     Size  Location     Type
		None
 Return value:  Size  Location     Type
		None               void
 Registers used:
		None
 Tracked objects:
		On entry : 
		On exit  : 
		Unchanged: 
 Data sizes:     COMRAM   BANK0   BANK1   BANK2   BANK3
      Params:         0       0       0       0       0
      Locals:         0       0       0       0       0
      Temps:          0       0       0       0       0
      Totals:         0       0       0       0       0
Total ram usage:        0 bytes
 Hardware stack levels used:    1
 This function calls:
		Nothing
 This function is called by:
		_SleepIfOkay
 This function uses a non-reentrant model



MODULE INFORMATION

Module		Function		Class		Link	Load	Size
C:\Program Files (x86)\Microchip\xc8\v1.30\sources\pic18\plib\Timers\t0write.c
		_WriteTimer0   		CODE           	22BA	0000	18

C:\Program Files (x86)\Microchip\xc8\v1.30\sources\pic18\plib\Timers\t0write.c estimated size: 18

../src/motor.c
		_motorMove     		CODE           	2018	0000	62

../src/motor.c estimated size: 62

C:\Program Files (x86)\Microchip\xc8\v1.30\sources\pic18\plib\Timers\t1write.c
		_WriteTimer1   		CODE           	22A8	0000	18

C:\Program Files (x86)\Microchip\xc8\v1.30\sources\pic18\plib\Timers\t1write.c estimated size: 18

../src/user_interrupts.c
		_timer0_int_han		CODE           	16C6	0000	162
		_timer1_int_han		CODE           	22DE	0000	14
		_adc_int_handle		CODE           	21DE	0000	34

../src/user_interrupts.c estimated size: 210

C:\Program Files (x86)\Microchip\xc8\v1.30\sources\pic18\plib\ADC\adcopen.c
		_OpenADC       		CODE           	1A30	0000	132

C:\Program Files (x86)\Microchip\xc8\v1.30\sources\pic18\plib\ADC\adcopen.c estimated size: 132

../src/timer0_thread.c
		_timer0_lthread		CODE           	2272	0000	18

../src/timer0_thread.c estimated size: 18

shared
		i1_send_msg    		CODE           	149E	0000	192
		i2_uart_trans  		CODE           	1612	0000	180
		i2_send_msg    		CODE           	0EBC	0000	300
		i2_in_high_int 		CODE           	22CC	0000	18
		__initializatio		CODE           	1896	0000	128
		i1___awmod     		CODE           	1768	0000	156
		i2___awmod     		CODE           	1204	0000	270
		i2_in_low_int  		CODE           	1ECA	0000	70
		i1_memcpy      		CODE           	1FD8	0000	64
		i2_memcpy      		CODE           	1E26	0000	94
		i2_check_msg   		CODE           	2130	0000	54

shared estimated size: 1526

../src/timer1_thread.c
		_timer1_lthread		CODE           	1BAC	0000	114
		_init_timer1_lt		CODE           	2284	0000	18

../src/timer1_thread.c estimated size: 132

../src/my_i2c.c
		_start_i2c_slav		CODE           	10F6	0000	270
		_handle_start  		CODE           	1312	0000	204
		_i2c_master_sen		CODE           	0C52	0000	318
		_i2c_configure_		CODE           	2190	0000	40
		_i2c_slave_int_		CODE           	00CA	0000	1852
		_init_i2c      		CODE           	1C8C	0000	106
		_i2c_int_handle		CODE           	22FE	0000	6

../src/my_i2c.c estimated size: 2796

C:\Program Files (x86)\Microchip\xc8\v1.30\sources\pic18\plib\USART\uread.c
		_ReadUSART     		CODE           	223E	0000	30

C:\Program Files (x86)\Microchip\xc8\v1.30\sources\pic18\plib\USART\uread.c estimated size: 30

C:\Program Files (x86)\Microchip\xc8\v1.30\sources\pic18\plib\Timers\t0open.c
		_OpenTimer0    		CODE           	2166	0000	42

C:\Program Files (x86)\Microchip\xc8\v1.30\sources\pic18\plib\Timers\t0open.c estimated size: 42

C:\Program Files (x86)\Microchip\xc8\v1.30\sources\pic18\plib\Timers\t1open.c
		_OpenTimer1    		CODE           	2056	0000	56

C:\Program Files (x86)\Microchip\xc8\v1.30\sources\pic18\plib\Timers\t1open.c estimated size: 56

C:\Program Files (x86)\Microchip\xc8\v1.30\sources\pic18\d1ktcyx.c
		_Delay1KTCYx   		CODE           	225C	0000	22

C:\Program Files (x86)\Microchip\xc8\v1.30\sources\pic18\d1ktcyx.c estimated size: 22

../src/interrupts.c
		_enable_interru		CODE           	22F6	0000	8
		_in_low_int    		CODE           	1E84	0000	70
		_in_main       		CODE           	1F10	0000	68
		_in_high_int   		CODE           	2296	0000	18
		_InterruptHandl		CODE           	0018	0000	174
		_InterruptHandl		CODE           	0008	0000	6696

../src/interrupts.c estimated size: 7034

C:\Program Files (x86)\Microchip\xc8\v1.30\sources\common\memcpy.c
		_memcpy        		CODE           	1DC8	0000	94

C:\Program Files (x86)\Microchip\xc8\v1.30\sources\common\memcpy.c estimated size: 94

../src/my_uart.c
		_uart_trans_int		CODE           	1D60	0000	104
		_init_uart_recv		CODE           	2220	0000	30
		_uart_recv_int_		CODE           	13DE	0000	192
		_uart_trans    		CODE           	155E	0000	180

../src/my_uart.c estimated size: 506

C:\Program Files (x86)\Microchip\xc8\v1.30\sources\pic18\plib\ADC\adcsetch.c
		_SetChanADC    		CODE           	2200	0000	32

C:\Program Files (x86)\Microchip\xc8\v1.30\sources\pic18\plib\ADC\adcsetch.c estimated size: 32

C:\Program Files (x86)\Microchip\xc8\v1.30\sources\pic18\plib\USART\uopen.c
		_OpenUSART     		CODE           	1804	0000	146

C:\Program Files (x86)\Microchip\xc8\v1.30\sources\pic18\plib\USART\uopen.c estimated size: 146

../src/messages.c
		_ToMainHigh_sen		CODE           	20FA	0000	54
		_ToMainHigh_rec		CODE           	1F96	0000	66
		_block_on_To_ms		CODE           	1AB4	0000	126
		_check_msg     		CODE           	20C4	0000	54
		_ToMainLow_send		CODE           	21B8	0000	38
		_ToMainLow_recv		CODE           	1F54	0000	66
		_FromMainHigh_s		CODE           	208E	0000	54
		_enter_sleep_mo		CODE           	2304	0000	6
		_send_msg      		CODE           	0D90	0000	300
		_init_queue    		CODE           	1B32	0000	122
		_init_queues   		CODE           	1C1E	0000	110
		_recv_msg      		CODE           	0AF4	0000	350
		_SleepIfOkay   		CODE           	1CF6	0000	106

../src/messages.c estimated size: 1452

C:\Program Files (x86)\Microchip\xc8\v1.30\sources\common\awmod.c
		___awmod       		CODE           	0FE8	0000	270

C:\Program Files (x86)\Microchip\xc8\v1.30\sources\common\awmod.c estimated size: 270

C:\Program Files (x86)\Microchip\xc8\v1.30\sources\common\lwmod.c
		___lwmod       		CODE           	1920	0000	138

C:\Program Files (x86)\Microchip\xc8\v1.30\sources\common\lwmod.c estimated size: 138

../src/main.c
		_main          		CODE           	0806	0000	750

../src/main.c estimated size: 750

